Component: ARM Compiler 5.06 update 7 (build 960) Tool: armlink [4d3601]

==============================================================================

Section Cross References

    startup_stm32f405xx.o(STACK) refers (Special) to heapauxi.o(.text) for __use_two_region_memory
    startup_stm32f405xx.o(HEAP) refers (Special) to heapauxi.o(.text) for __use_two_region_memory
    startup_stm32f405xx.o(RESET) refers (Special) to heapauxi.o(.text) for __use_two_region_memory
    startup_stm32f405xx.o(RESET) refers to startup_stm32f405xx.o(STACK) for __initial_sp
    startup_stm32f405xx.o(RESET) refers to startup_stm32f405xx.o(.text) for Reset_Handler
    startup_stm32f405xx.o(RESET) refers to stm32f4xx_it.o(i.NMI_Handler) for NMI_Handler
    startup_stm32f405xx.o(RESET) refers to stm32f4xx_it.o(i.HardFault_Handler) for HardFault_Handler
    startup_stm32f405xx.o(RESET) refers to stm32f4xx_it.o(i.MemManage_Handler) for MemManage_Handler
    startup_stm32f405xx.o(RESET) refers to stm32f4xx_it.o(i.BusFault_Handler) for BusFault_Handler
    startup_stm32f405xx.o(RESET) refers to stm32f4xx_it.o(i.UsageFault_Handler) for UsageFault_Handler
    startup_stm32f405xx.o(RESET) refers to stm32f4xx_it.o(i.SVC_Handler) for SVC_Handler
    startup_stm32f405xx.o(RESET) refers to stm32f4xx_it.o(i.DebugMon_Handler) for DebugMon_Handler
    startup_stm32f405xx.o(RESET) refers to stm32f4xx_it.o(i.PendSV_Handler) for PendSV_Handler
    startup_stm32f405xx.o(RESET) refers to stm32f4xx_it.o(i.SysTick_Handler) for SysTick_Handler
    startup_stm32f405xx.o(RESET) refers to stm32f4xx_it.o(i.DMA2_Stream1_IRQHandler) for DMA2_Stream1_IRQHandler
    startup_stm32f405xx.o(.text) refers (Special) to heapauxi.o(.text) for __use_two_region_memory
    startup_stm32f405xx.o(.text) refers to system_stm32f4xx.o(i.SystemInit) for SystemInit
    startup_stm32f405xx.o(.text) refers to __main.o(!!!main) for __main
    startup_stm32f405xx.o(.text) refers to startup_stm32f405xx.o(HEAP) for Heap_Mem
    startup_stm32f405xx.o(.text) refers to startup_stm32f405xx.o(STACK) for Stack_Mem
    main.o(i.SystemClock_Config) refers to rt_memclr_w.o(.text) for __aeabi_memclr4
    main.o(i.SystemClock_Config) refers to stm32f4xx_hal_rcc.o(i.HAL_RCC_OscConfig) for HAL_RCC_OscConfig
    main.o(i.SystemClock_Config) refers to main.o(i.Error_Handler) for Error_Handler
    main.o(i.SystemClock_Config) refers to stm32f4xx_hal_rcc.o(i.HAL_RCC_ClockConfig) for HAL_RCC_ClockConfig
    main.o(i.main) refers to stm32f4xx_hal.o(i.HAL_Init) for HAL_Init
    main.o(i.main) refers to main.o(i.SystemClock_Config) for SystemClock_Config
    main.o(i.main) refers to gpio.o(i.MX_GPIO_Init) for MX_GPIO_Init
    main.o(i.main) refers to dma.o(i.MX_DMA_Init) for MX_DMA_Init
    main.o(i.main) refers to tim.o(i.MX_TIM1_Init) for MX_TIM1_Init
    main.o(i.main) refers to tim.o(i.MX_TIM14_Init) for MX_TIM14_Init
    main.o(i.main) refers to rgb.o(i.RGB_Show_64) for RGB_Show_64
    main.o(i.main) refers to stm32f4xx_hal.o(i.HAL_Delay) for HAL_Delay
    gpio.o(i.MX_GPIO_Init) refers to rt_memclr_w.o(.text) for __aeabi_memclr4
    gpio.o(i.MX_GPIO_Init) refers to stm32f4xx_hal_gpio.o(i.HAL_GPIO_WritePin) for HAL_GPIO_WritePin
    gpio.o(i.MX_GPIO_Init) refers to stm32f4xx_hal_gpio.o(i.HAL_GPIO_Init) for HAL_GPIO_Init
    dma.o(i.MX_DMA_Init) refers to stm32f4xx_hal_cortex.o(i.HAL_NVIC_SetPriority) for HAL_NVIC_SetPriority
    dma.o(i.MX_DMA_Init) refers to stm32f4xx_hal_cortex.o(i.HAL_NVIC_EnableIRQ) for HAL_NVIC_EnableIRQ
    tim.o(i.HAL_TIM_Base_MspDeInit) refers to stm32f4xx_hal_dma.o(i.HAL_DMA_DeInit) for HAL_DMA_DeInit
    tim.o(i.HAL_TIM_Base_MspInit) refers to stm32f4xx_hal_dma.o(i.HAL_DMA_Init) for HAL_DMA_Init
    tim.o(i.HAL_TIM_Base_MspInit) refers to main.o(i.Error_Handler) for Error_Handler
    tim.o(i.HAL_TIM_Base_MspInit) refers to tim.o(.bss) for hdma_tim1_ch1
    tim.o(i.HAL_TIM_MspPostInit) refers to rt_memclr_w.o(.text) for __aeabi_memclr4
    tim.o(i.HAL_TIM_MspPostInit) refers to stm32f4xx_hal_gpio.o(i.HAL_GPIO_Init) for HAL_GPIO_Init
    tim.o(i.MX_TIM14_Init) refers to stm32f4xx_hal_tim.o(i.HAL_TIM_Base_Init) for HAL_TIM_Base_Init
    tim.o(i.MX_TIM14_Init) refers to main.o(i.Error_Handler) for Error_Handler
    tim.o(i.MX_TIM14_Init) refers to tim.o(.bss) for htim14
    tim.o(i.MX_TIM1_Init) refers to rt_memclr_w.o(.text) for __aeabi_memclr4
    tim.o(i.MX_TIM1_Init) refers to stm32f4xx_hal_tim.o(i.HAL_TIM_Base_Init) for HAL_TIM_Base_Init
    tim.o(i.MX_TIM1_Init) refers to main.o(i.Error_Handler) for Error_Handler
    tim.o(i.MX_TIM1_Init) refers to stm32f4xx_hal_tim.o(i.HAL_TIM_ConfigClockSource) for HAL_TIM_ConfigClockSource
    tim.o(i.MX_TIM1_Init) refers to stm32f4xx_hal_tim.o(i.HAL_TIM_PWM_Init) for HAL_TIM_PWM_Init
    tim.o(i.MX_TIM1_Init) refers to stm32f4xx_hal_tim_ex.o(i.HAL_TIMEx_MasterConfigSynchronization) for HAL_TIMEx_MasterConfigSynchronization
[...]
    Removing system_stm32f4xx.o(i.SystemCoreClockUpdate), (192 bytes).
    Removing rgb.o(.rev16_text), (4 bytes).
    Removing rgb.o(.revsh_text), (4 bytes).
    Removing rgb.o(.rrx_text), (6 bytes).
    Removing rgb.o(i.Color_Gra), (488 bytes).
    Removing rgb.o(i.GerColorful), (132 bytes).
    Removing rgb.o(i.Method_00), (252 bytes).
    Removing rgb.o(i.Method_01), (84 bytes).
    Removing rgb.o(i.Method_03), (176 bytes).
    Removing rgb.o(i.color_Oscillating), (282 bytes).
    Removing rgb.o(i.getBit), (22 bytes).
    Removing rgb.o(i.getBits), (26 bytes).
    Removing rgb.o(i.setBit), (26 bytes).

358 unused section(s) (total 33400 bytes) removed from the image.

==============================================================================

Image Symbol Table

    Local Symbols

    Symbol Name                              Value     Ov Type        Size  Object(Section)

    ../Core/Src/dma.c                        0x00000000   Number         0  dma.o ABSOLUTE
    ../Core/Src/gpio.c                       0x00000000   Number         0  gpio.o ABSOLUTE
    ../Core/Src/main.c                       0x00000000   Number         0  main.o ABSOLUTE
    ../Core/Src/stm32f4xx_hal_msp.c          0x00000000   Number         0  stm32f4xx_hal_msp.o ABSOLUTE
    ../Core/Src/stm32f4xx_it.c               0x00000000   Number         0  stm32f4xx_it.o ABSOLUTE
    ../Core/Src/system_stm32f4xx.c           0x00000000   Number         0  system_stm32f4xx.o ABSOLUTE
    ../Core/Src/tim.c                        0x00000000   Number         0  tim.o ABSOLUTE
    ../Drivers/STM32F4xx_HAL_Driver/Src/stm32f4xx_hal.c 0x00000000   Number         0  stm32f4xx_hal.o ABSOLUTE
    ../Drivers/STM32F4xx_HAL_Driver/Src/stm32f4xx_hal_cortex.c 0x00000000   Number         0  stm32f4xx_hal_cortex.o ABSOLUTE
    ../Drivers/STM32F4xx_HAL_Driver/Src/stm32f4xx_hal_dma.c 0x00000000   Number         0  stm32f4xx_hal_dma.o ABSOLUTE
    ../Drivers/STM32F4xx_HAL_Driver/Src/stm32f4xx_hal_dma_ex.c 0x00000000   Number         0  stm32f4xx_hal_dma_ex.o ABSOLUTE
    ../Drivers/STM32F4xx_HAL_Driver/Src/stm32f4xx_hal_exti.c 0x00000000   Number         0  stm32f4xx_hal_exti.o ABSOLUTE
    ../Drivers/STM32F4xx_HAL_Driver/Src/stm32f4xx_hal_flash.c 0x00000000   Number         0  stm32f4xx_hal_flash.o ABSOLUTE
    ../Drivers/STM32F4xx_HAL_Driver/Src/stm32f4xx_hal_flash_ex.c 0x00000000   Number         0  stm32f4xx_hal_flash_ex.o ABSOLUTE
    ../Drivers/STM32F4xx_HAL_Driver/Src/stm32f4xx_hal_flash_ramfunc.c 0x00000000   Number         0  stm32f4xx_hal_flash_ramfunc.o ABSOLUTE
    ../Drivers/STM32F4xx_HAL_Driver/Src/stm32f4xx_hal_gpio.c 0x00000000   Number         0  stm32f4xx_hal_gpio.o ABSOLUTE
    ../Drivers/STM32F4xx_HAL_Driver/Src/stm32f4xx_hal_pwr.c 0x00000000   Number         0  stm32f4xx_hal_pwr.o ABSOLUTE
    ../Drivers/STM32F4xx_HAL_Driver/Src/stm32f4xx_hal_pwr_ex.c 0x00000000   Number         0  stm32f4xx_hal_pwr_ex.o ABSOLUTE
    ../Drivers/STM32F4xx_HAL_Driver/Src/stm32f4xx_hal_rcc.c 0x00000000   Number         0  stm32f4xx_hal_rcc.o ABSOLUTE
    ../Drivers/STM32F4xx_HAL_Driver/Src/stm32f4xx_hal_rcc_ex.c 0x00000000   Number         0  stm32f4xx_hal_rcc_ex.o ABSOLUTE
    ../Drivers/STM32F4xx_HAL_Driver/Src/stm32f4xx_hal_tim.c 0x00000000   Number         0  stm32f4xx_hal_tim.o ABSOLUTE
    ../Drivers/STM32F4xx_HAL_Driver/Src/stm32f4xx_hal_tim_ex.c 0x00000000   Number         0  stm32f4xx_hal_tim_ex.o ABSOLUTE
    ../clib/angel/boardlib.s                 0x00000000   Number         0  boardinit3.o ABSOLUTE
    ../clib/angel/boardlib.s                 0x00000000   Number         0  boardinit2.o ABSOLUTE
    ../clib/angel/boardlib.s                 0x00000000   Number         0  boardinit1.o ABSOLUTE
    ../clib/angel/boardlib.s                 0x00000000   Number         0  boardshut.o ABSOLUTE
    ../clib/angel/handlers.s                 0x00000000   Number         0  __scatter_copy.o ABSOLUTE
    ../clib/angel/handlers.s                 0x00000000   Number         0  __scatter_zi.o ABSOLUTE
    ../clib/angel/kernel.s                   0x00000000   Number         0  rtexit.o ABSOLUTE
    ../clib/angel/kernel.s                   0x00000000   Number         0  __rtentry.o ABSOLUTE
    ../clib/angel/kernel.s                   0x00000000   Number         0  __rtentry2.o ABSOLUTE
    ../clib/angel/kernel.s                   0x00000000   Number         0  rtexit2.o ABSOLUTE
    ../clib/angel/kernel.s                   0x00000000   Number         0  __rtentry4.o ABSOLUTE
    ../clib/angel/rt.s                       0x00000000   Number         0  rt_raise.o ABSOLUTE
    ../clib/angel/rt.s                       0x00000000   Number         0  rt_errno_addr_intlibspace.o ABSOLUTE
    ../clib/angel/rt.s                       0x00000000   Number         0  rt_errno_addr.o ABSOLUTE
    ../clib/angel/rt.s                       0x00000000   Number         0  aeabi_ldiv0.o ABSOLUTE
    ../clib/angel/rt.s                       0x00000000   Number         0  rt_div0.o ABSOLUTE
    ../clib/angel/rt.s                       0x00000000   Number         0  aeabi_ldiv0_sigfpe.o ABSOLUTE
    ../clib/angel/scatter.s                  0x00000000   Number         0  __scatter.o ABSOLUTE
    ../clib/angel/startup.s                  0x00000000   Number         0  __main.o ABSOLUTE
    ../clib/angel/sys.s                      0x00000000   Number         0  sys_stackheap_outer.o ABSOLUTE
    ../clib/angel/sys.s                      0x00000000   Number         0  libspace.o ABSOLUTE
    ../clib/angel/sys.s                      0x00000000   Number         0  indicate_semi.o ABSOLUTE
    ../clib/angel/sys.s                      0x00000000   Number         0  use_no_semi.o ABSOLUTE
    ../clib/angel/sysapp.c                   0x00000000   Number         0  sys_exit.o ABSOLUTE
    ../clib/angel/sysapp.c                   0x00000000   Number         0  sys_command.o ABSOLUTE
    ../clib/angel/sysapp.c                   0x00000000   Number         0  sys_wrch.o ABSOLUTE
    ../clib/armsys.c                         0x00000000   Number         0  argv_veneer.o ABSOLUTE
    ../clib/armsys.c                         0x00000000   Number         0  argv_veneer.o ABSOLUTE
    ../clib/armsys.c                         0x00000000   Number         0  _get_argv_nomalloc.o ABSOLUTE
    ../clib/armsys.c                         0x00000000   Number         0  no_argv.o ABSOLUTE
    ../clib/fenv.c                           0x00000000   Number         0  _rserrno.o ABSOLUTE
    ../clib/heapalloc.c                      0x00000000   Number         0  hrguard.o ABSOLUTE
    ../clib/heapaux.c                        0x00000000   Number         0  heapauxi.o ABSOLUTE
    ../clib/libinit.s                        0x00000000   Number         0  libinit.o ABSOLUTE
    ../clib/libinit.s                        0x00000000   Number         0  libshutdown2.o ABSOLUTE
    ../clib/libinit.s                        0x00000000   Number         0  libshutdown.o ABSOLUTE
    ../clib/libinit.s                        0x00000000   Number         0  libinit2.o ABSOLUTE
    ../clib/longlong.s                       0x00000000   Number         0  lludivv7m.o ABSOLUTE
    ../clib/memcpset.s                       0x00000000   Number         0  rt_memclr_w.o ABSOLUTE
    ../clib/signal.c                         0x00000000   Number         0  defsig_other.o ABSOLUTE
    ../clib/signal.c                         0x00000000   Number         0  defsig_segv_inner.o ABSOLUTE
    ../clib/signal.c                         0x00000000   Number         0  defsig_cppl_inner.o ABSOLUTE
    ../clib/signal.c                         0x00000000   Number         0  defsig_pvfn_inner.o ABSOLUTE
    ../clib/signal.c                         0x00000000   Number         0  defsig_stak_inner.o ABSOLUTE
    ../clib/signal.c                         0x00000000   Number         0  defsig_rtmem_formal.o ABSOLUTE
    ../clib/signal.c                         0x00000000   Number         0  defsig_rtmem_inner.o ABSOLUTE
    ../clib/signal.c                         0x00000000   Number         0  defsig_rtred_inner.o ABSOLUTE
    ../clib/signal.c                         0x00000000   Number         0  defsig_abrt_inner.o ABSOLUTE
    ../clib/signal.c                         0x00000000   Number         0  defsig_general.o ABSOLUTE
    ../clib/signal.c                         0x00000000   Number         0  __raise.o ABSOLUTE
    ../clib/signal.c                         0x00000000   Number         0  defsig_fpe_formal.o ABSOLUTE
    ../clib/signal.c                         0x00000000   Number         0  defsig_fpe_outer.o ABSOLUTE
    ../clib/signal.c                         0x00000000   Number         0  defsig_rtmem_outer.o ABSOLUTE
    ../clib/signal.c                         0x00000000   Number         0  defsig_fpe_inner.o ABSOLUTE
    ../clib/signal.c                         0x00000000   Number         0  defsig_exit.o ABSOLUTE
    ../clib/signal.s                         0x00000000   Number         0  defsig.o ABSOLUTE
    ../clib/stdlib.c                         0x00000000   Number         0  exit.o ABSOLUTE
    ../fplib/d2f.s                           0x00000000   Number         0  d2f.o ABSOLUTE
    ../fplib/daddsub.s                       0x00000000   Number         0  daddsub_clz.o ABSOLUTE
    ../fplib/ddiv.s                          0x00000000   Number         0  ddiv.o ABSOLUTE
    ../fplib/dfix.s                          0x00000000   Number         0  dfix.o ABSOLUTE
    ../fplib/dmul.s                          0x00000000   Number         0  dmul.o ABSOLUTE
    ../fplib/dnaninf.s                       0x00000000   Number         0  dnaninf.o ABSOLUTE
    ../fplib/drem.s                          0x00000000   Number         0  drem_clz.o ABSOLUTE
    ../fplib/dretinf.s                       0x00000000   Number         0  dretinf.o ABSOLUTE
    ../fplib/f2d.s                           0x00000000   Number         0  f2d.o ABSOLUTE
    ../fplib/fnaninf.s                       0x00000000   Number         0  fnaninf.o ABSOLUTE
    ../fplib/fpinit.s                        0x00000000   Number         0  fpinit.o ABSOLUTE
    ../fplib/fretinf.s                       0x00000000   Number         0  fretinf.o ABSOLUTE
    ../fplib/usenofp.s                       0x00000000   Number         0  usenofp.o ABSOLUTE
    ../mathlib/dunder.c                      0x00000000   Number         0  dunder.o ABSOLUTE
    ../mathlib/fabs.c                        0x00000000   Number         0  fabs.o ABSOLUTE
    ../mathlib/fmod.c                        0x00000000   Number         0  fmod.o ABSOLUTE
    ../mathlib/fmod.c                        0x00000000   Number         0  fmod_x.o ABSOLUTE
    ..\Core\Src\RGB.c                        0x00000000   Number         0  rgb.o ABSOLUTE
    ..\Core\Src\dma.c                        0x00000000   Number         0  dma.o ABSOLUTE
    ..\Core\Src\gpio.c                       0x00000000   Number         0  gpio.o ABSOLUTE
    ..\Core\Src\main.c                       0x00000000   Number         0  main.o ABSOLUTE
    ..\Core\Src\stm32f4xx_hal_msp.c          0x00000000   Number         0  stm32f4xx_hal_msp.o ABSOLUTE
    ..\Core\Src\stm32f4xx_it.c               0x00000000   Number         0  stm32f4xx_it.o ABSOLUTE
    ..\Core\Src\system_stm32f4xx.c           0x00000000   Number         0  system_stm32f4xx.o ABSOLUTE
    ..\Core\Src\tim.c                        0x00000000   Number         0  tim.o ABSOLUTE
    ..\Drivers\STM32F4xx_HAL_Driver\Src\stm32f4xx_hal.c 0x00000000   Number         0  stm32f4xx_hal.o ABSOLUTE
    ..\Drivers\STM32F4xx_HAL_Driver\Src\stm32f4xx_hal_cortex.c 0x00000000   Number         0  stm32f4xx_hal_cortex.o ABSOLUTE
    ..\Drivers\STM32F4xx_HAL_Driver\Src\stm32f4xx_hal_dma.c 0x00000000   Number         0  stm32f4xx_hal_dma.o ABSOLUTE
    ..\Drivers\STM32F4xx_HAL_Driver\Src\stm32f4xx_hal_dma_ex.c 0x00000000   Number         0  stm32f4xx_hal_dma_ex.o ABSOLUTE
    ..\Drivers\STM32F4xx_HAL_Driver\Src\stm32f4xx_hal_exti.c 0x00000000   Number         0  stm32f4xx_hal_exti.o ABSOLUTE
    ..\Drivers\STM32F4xx_HAL_Driver\Src\stm32f4xx_hal_flash.c 0x00000000   Number         0  stm32f4xx_hal_flash.o ABSOLUTE
    ..\Drivers\STM32F4xx_HAL_Driver\Src\stm32f4xx_hal_flash_ex.c 0x00000000   Number         0  stm32f4xx_hal_flash_ex.o ABSOLUTE
    ..\Drivers\STM32F4xx_HAL_Driver\Src\stm32f4xx_hal_flash_ramfunc.c 0x00000000   Number         0  stm32f4xx_hal_flash_ramfunc.o ABSOLUTE
    ..\Drivers\STM32F4xx_HAL_Driver\Src\stm32f4xx_hal_gpio.c 0x00000000   Number         0  stm32f4xx_hal_gpio.o ABSOLUTE
    ..\Drivers\STM32F4xx_HAL_Driver\Src\stm32f4xx_hal_pwr.c 0x00000000   Number         0  stm32f4xx_hal_pwr.o ABSOLUTE
    ..\Drivers\STM32F4xx_HAL_Driver\Src\stm32f4xx_hal_pwr_ex.c 0x00000000   Number         0  stm32f4xx_hal_pwr_ex.o ABSOLUTE
    ..\Drivers\STM32F4xx_HAL_Driver\Src\stm32f4xx_hal_rcc.c 0x00000000   Number         0  stm32f4xx_hal_rcc.o ABSOLUTE
    ..\Drivers\STM32F4xx_HAL_Driver\Src\stm32f4xx_hal_rcc_ex.c 0x00000000   Number         0  stm32f4xx_hal_rcc_ex.o ABSOLUTE
    ..\Drivers\STM32F4xx_HAL_Driver\Src\stm32f4xx_hal_tim.c 0x00000000   Number         0  stm32f4xx_hal_tim.o ABSOLUTE
    ..\Drivers\STM32F4xx_HAL_Driver\Src\stm32f4xx_hal_tim_ex.c 0x00000000   Number         0  stm32f4xx_hal_tim_ex.o ABSOLUTE
    ..\\Core\\Src\\RGB.c                     0x00000000   Number         0  rgb.o ABSOLUTE
    dc.s                                     0x00000000   Number         0  dc.o ABSOLUTE
    startup_stm32f405xx.s                    0x00000000   Number         0  startup_stm32f405xx.o ABSOLUTE
    RESET                                    0x08000000   Section      392  startup_stm32f405xx.o(RESET)
    !!!main                                  0x08000188   Section        8  __main.o(!!!main)
    !!!scatter                               0x08000190   Section       52  __scatter.o(!!!scatter)
    !!handler_copy                           0x080001c4   Section       26  __scatter_copy.o(!!handler_copy)
    !!handler_zi                             0x080001e0   Section       28  __scatter_zi.o(!!handler_zi)
    .ARM.Collect$$libinit$$00000000          0x080001fc   Section        2  libinit.o(.ARM.Collect$$libinit$$00000000)
    .ARM.Collect$$libinit$$00000001          0x080001fe   Section        4  libinit2.o(.ARM.Collect$$libinit$$00000001)
    .ARM.Collect$$libinit$$00000004          0x08000202   Section        0  libinit2.o(.ARM.Collect$$libinit$$00000004)
    .ARM.Collect$$libinit$$0000000A          0x08000202   Section        0  libinit2.o(.ARM.Collect$$libinit$$0000000A)
    .ARM.Collect$$libinit$$0000000C          0x08000202   Section        0  libinit2.o(.ARM.Collect$$libinit$$0000000C)
    .ARM.Collect$$libinit$$0000000E          0x08000202   Section        0  libinit2.o(.ARM.Collect$$libinit$$0000000E)
    .ARM.Collect$$libinit$$00000011          0x08000202   Section        0  libinit2.o(.ARM.Collect$$libinit$$00000011)
    .ARM.Collect$$libinit$$00000013          0x08000202   Section        0  libinit2.o(.ARM.Collect$$libinit$$00000013)
    .ARM.Collect$$libinit$$00000015          0x08000202   Section        0  libinit2.o(.ARM.Collect$$libinit$$00000015)
    .ARM.Collect$$libinit$$00000017          0x08000202   Section        0  libinit2.o(.ARM.Collect$$libinit$$00000017)
    .ARM.Collect$$libinit$$00000019          0x08000202   Section        0  libinit2.o(.ARM.Collect$$libinit$$00000019)
    .ARM.Collect$$libinit$$0000001B          0x08000202   Section        0  libinit2.o(.ARM.Collect$$libinit$$0000001B)
    .ARM.Collect$$libinit$$0000001D          0x08000202   Section        0  libinit2.o(.ARM.Collect$$libinit$$0000001D)
    .ARM.Collect$$libinit$$0000001F          0x08000202   Section        0  libinit2.o(.ARM.Collect$$libinit$$0000001F)
    .ARM.Collect$$libinit$$00000021          0x08000202   Section        0  libinit2.o(.ARM.Collect$$libinit$$00000021)
    .ARM.Collect$$libinit$$00000023          0x08000202   Section        0  libinit2.o(.ARM.Collect$$libinit$$00000023)
    .ARM.Collect$$libinit$$00000025          0x08000202   Section        0  libinit2.o(.ARM.Collect$$libinit$$00000025)
    .ARM.Collect$$libinit$$0000002C          0x08000202   Section        0  libinit2.o(.ARM.Collect$$libinit$$0000002C)
    .ARM.Collect$$libinit$$0000002E          0x08000202   Section        0  libinit2.o(.ARM.Collect$$libinit$$0000002E)
    .ARM.Collect$$libinit$$00000030          0x08000202   Section        0  libinit2.o(.ARM.Collect$$libinit$$00000030)
    .ARM.Collect$$libinit$$00000032          0x08000202   Section        0  libinit2.o(.ARM.Collect$$libinit$$00000032)
    .ARM.Collect$$libinit$$00000033          0x08000202   Section        2  libinit2.o(.ARM.Collect$$libinit$$00000033)
    .ARM.Collect$$libshutdown$$00000000      0x08000204   Section        2  libshutdown.o(.ARM.Collect$$libshutdown$$00000000)
    .ARM.Collect$$libshutdown$$00000002      0x08000206   Section        0  libshutdown2.o(.ARM.Collect$$libshutdown$$00000002)
    .ARM.Collect$$libshutdown$$00000004      0x08000206   Section        0  libshutdown2.o(.ARM.Collect$$libshutdown$$00000004)
    .ARM.Collect$$libshutdown$$00000006      0x08000206   Section        0  libshutdown2.o(.ARM.Collect$$libshutdown$$00000006)
    .ARM.Collect$$libshutdown$$00000009      0x08000206   Section        0  libshutdown2.o(.ARM.Collect$$libshutdown$$00000009)
    .ARM.Collect$$libshutdown$$0000000C      0x08000206   Section        0  libshutdown2.o(.ARM.Collect$$libshutdown$$0000000C)
    .ARM.Collect$$libshutdown$$0000000E      0x08000206   Section        0  libshutdown2.o(.ARM.Collect$$libshutdown$$0000000E)
    .ARM.Collect$$libshutdown$$00000011      0x08000206   Section        0  libshutdown2.o(.ARM.Collect$$libshutdown$$00000011)
    .ARM.Collect$$libshutdown$$00000012      0x08000206   Section        2  libshutdown2.o(.ARM.Collect$$libshutdown$$00000012)
    .ARM.Collect$$rtentry$$00000000          0x08000208   Section        0  __rtentry.o(.ARM.Collect$$rtentry$$00000000)
    .ARM.Collect$$rtentry$$00000002          0x08000208   Section        0  __rtentry2.o(.ARM.Collect$$rtentry$$00000002)
    .ARM.Collect$$rtentry$$00000004          0x08000208   Section        6  __rtentry4.o(.ARM.Collect$$rtentry$$00000004)
    .ARM.Collect$$rtentry$$00000009          0x0800020e   Section        0  __rtentry2.o(.ARM.Collect$$rtentry$$00000009)
    .ARM.Collect$$rtentry$$0000000A          0x0800020e   Section        4  __rtentry2.o(.ARM.Collect$$rtentry$$0000000A)
    .ARM.Collect$$rtentry$$0000000C          0x08000212   Section        0  __rtentry2.o(.ARM.Collect$$rtentry$$0000000C)
    .ARM.Collect$$rtentry$$0000000D          0x08000212   Section        8  __rtentry2.o(.ARM.Collect$$rtentry$$0000000D)
    .ARM.Collect$$rtexit$$00000000           0x0800021a   Section        2  rtexit.o(.ARM.Collect$$rtexit$$00000000)
    .ARM.Collect$$rtexit$$00000002           0x0800021c   Section        0  rtexit2.o(.ARM.Collect$$rtexit$$00000002)
    .ARM.Collect$$rtexit$$00000003           0x0800021c   Section        4  rtexit2.o(.ARM.Collect$$rtexit$$00000003)
    .ARM.Collect$$rtexit$$00000004           0x08000220   Section        6  rtexit2.o(.ARM.Collect$$rtexit$$00000004)
    .text                                    0x08000228   Section       64  startup_stm32f405xx.o(.text)
    $v0                                      0x08000228   Number         0  startup_stm32f405xx.o(.text)
    .text                                    0x08000268   Section      238  lludivv7m.o(.text)
    .text                                    0x08000356   Section       78  rt_memclr_w.o(.text)
    .text                                    0x080003a4   Section        0  heapauxi.o(.text)
    .text                                    0x080003aa   Section        0  _rserrno.o(.text)
    .text                                    0x080003c0   Section        8  rt_errno_addr_intlibspace.o(.text)
    .text                                    0x080003c8   Section        8  libspace.o(.text)
    .text                                    0x080003d0   Section       74  sys_stackheap_outer.o(.text)
    .text                                    0x0800041a   Section        0  exit.o(.text)
    .text                                    0x0800042c   Section        0  sys_exit.o(.text)
    .text                                    0x08000438   Section        2  use_no_semi.o(.text)
    .text                                    0x0800043a   Section        0  indicate_semi.o(.text)
    i.BusFault_Handler                       0x0800043a   Section        0  stm32f4xx_it.o(i.BusFault_Handler)
    i.DMA2_Stream1_IRQHandler                0x08000440   Section        0  stm32f4xx_it.o(i.DMA2_Stream1_IRQHandler)
    i.DMA_CalcBaseAndBitshift                0x08000450   Section        0  stm32f4xx_hal_dma.o(i.DMA_CalcBaseAndBitshift)
    DMA_CalcBaseAndBitshift                  0x08000451   Thumb Code    46  stm32f4xx_hal_dma.o(i.DMA_CalcBaseAndBitshift)
    i.DMA_CheckFifoParam                     0x08000484   Section        0  stm32f4xx_hal_dma.o(i.DMA_CheckFifoParam)
    DMA_CheckFifoParam                       0x08000485   Thumb Code   170  stm32f4xx_hal_dma.o(i.DMA_CheckFifoParam)
    i.DMA_SetConfig                          0x0800052e   Section        0  stm32f4xx_hal_dma.o(i.DMA_SetConfig)
    DMA_SetConfig                            0x0800052f   Thumb Code    44  stm32f4xx_hal_dma.o(i.DMA_SetConfig)
    i.DebugMon_Handler                       0x0800055a   Section        0  stm32f4xx_it.o(i.DebugMon_Handler)
    i.Error_Handler                          0x0800055c   Section        0  main.o(i.Error_Handler)
    i.HAL_DMA_Abort_IT                       0x08000562   Section        0  stm32f4xx_hal_dma.o(i.HAL_DMA_Abort_IT)
    i.HAL_DMA_IRQHandler                     0x0800058c   Section        0  stm32f4xx_hal_dma.o(i.HAL_DMA_IRQHandler)
    i.HAL_DMA_Init                           0x080007cc   Section        0  stm32f4xx_hal_dma.o(i.HAL_DMA_Init)
    i.HAL_DMA_Start_IT                       0x080008b8   Section        0  stm32f4xx_hal_dma.o(i.HAL_DMA_Start_IT)
    i.HAL_Delay                              0x0800094c   Section        0  stm32f4xx_hal.o(i.HAL_Delay)
    i.HAL_GPIO_Init                          0x08000974   Section        0  stm32f4xx_hal_gpio.o(i.HAL_GPIO_Init)
    i.HAL_GPIO_WritePin                      0x08000b68   Section        0  stm32f4xx_hal_gpio.o(i.HAL_GPIO_WritePin)
    i.HAL_GetTick                            0x08000b74   Section        0  stm32f4xx_hal.o(i.HAL_GetTick)
    i.HAL_IncTick                            0x08000b80   Section        0  stm32f4xx_hal.o(i.HAL_IncTick)
    i.HAL_Init                               0x08000b98   Section        0  stm32f4xx_hal.o(i.HAL_Init)
    i.HAL_InitTick                           0x08000bd4   Section        0  stm32f4xx_hal.o(i.HAL_InitTick)
    i.HAL_MspInit                            0x08000c20   Section        0  stm32f4xx_hal_msp.o(i.HAL_MspInit)
    i.HAL_NVIC_EnableIRQ                     0x08000c68   Section        0  stm32f4xx_hal_cortex.o(i.HAL_NVIC_EnableIRQ)
    i.HAL_NVIC_SetPriority                   0x08000c90   Section        0  stm32f4xx_hal_cortex.o(i.HAL_NVIC_SetPriority)
    i.HAL_NVIC_SetPriorityGrouping           0x08000d0c   Section        0  stm32f4xx_hal_cortex.o(i.HAL_NVIC_SetPriorityGrouping)
    i.HAL_RCC_ClockConfig                    0x08000d34   Section        0  stm32f4xx_hal_rcc.o(i.HAL_RCC_ClockConfig)
    i.HAL_RCC_GetSysClockFreq                0x08000eb8   Section        0  stm32f4xx_hal_rcc.o(i.HAL_RCC_GetSysClockFreq)
    i.HAL_RCC_OscConfig                      0x08000f68   Section        0  stm32f4xx_hal_rcc.o(i.HAL_RCC_OscConfig)
    i.HAL_SYSTICK_Config                     0x08001404   Section        0  stm32f4xx_hal_cortex.o(i.HAL_SYSTICK_Config)
    i.HAL_TIMEx_ConfigBreakDeadTime          0x08001438   Section        0  stm32f4xx_hal_tim_ex.o(i.HAL_TIMEx_ConfigBreakDeadTime)
    i.HAL_TIMEx_MasterConfigSynchronization  0x080014ac   Section        0  stm32f4xx_hal_tim_ex.o(i.HAL_TIMEx_MasterConfigSynchronization)
    i.HAL_TIM_Base_Init                      0x08001560   Section        0  stm32f4xx_hal_tim.o(i.HAL_TIM_Base_Init)
    i.HAL_TIM_Base_MspInit                   0x080015c8   Section        0  tim.o(i.HAL_TIM_Base_MspInit)
    i.HAL_TIM_ConfigClockSource              0x08001680   Section        0  stm32f4xx_hal_tim.o(i.HAL_TIM_ConfigClockSource)
    i.HAL_TIM_ErrorCallback                  0x0800178c   Section        0  stm32f4xx_hal_tim.o(i.HAL_TIM_ErrorCallback)
    i.HAL_TIM_MspPostInit                    0x08001790   Section        0  tim.o(i.HAL_TIM_MspPostInit)
    i.HAL_TIM_PWM_ConfigChannel              0x080017f0   Section        0  stm32f4xx_hal_tim.o(i.HAL_TIM_PWM_ConfigChannel)
    i.HAL_TIM_PWM_Init                       0x080018f4   Section        0  stm32f4xx_hal_tim.o(i.HAL_TIM_PWM_Init)
    i.HAL_TIM_PWM_MspInit                    0x0800195a   Section        0  stm32f4xx_hal_tim.o(i.HAL_TIM_PWM_MspInit)
    i.HAL_TIM_PWM_PulseFinishedCallback      0x0800195c   Section        0  rgb.o(i.HAL_TIM_PWM_PulseFinishedCallback)
    i.HAL_TIM_PWM_PulseFinishedHalfCpltCallback 0x08001970   Section        0  stm32f4xx_hal_tim.o(i.HAL_TIM_PWM_PulseFinishedHalfCpltCallback)
    i.HAL_TIM_PWM_Start_DMA                  0x08001974   Section        0  stm32f4xx_hal_tim.o(i.HAL_TIM_PWM_Start_DMA)
    i.HAL_TIM_PWM_Stop_DMA                   0x08001bc0   Section        0  stm32f4xx_hal_tim.o(i.HAL_TIM_PWM_Stop_DMA)
    i.HardFault_Handler                      0x08001cd4   Section        0  stm32f4xx_it.o(i.HardFault_Handler)
    i.MX_DMA_Init                            0x08001cd8   Section        0  dma.o(i.MX_DMA_Init)
    i.MX_GPIO_Init                           0x08001d10   Section        0  gpio.o(i.MX_GPIO_Init)
    i.MX_TIM14_Init                          0x08001df4   Section        0  tim.o(i.MX_TIM14_Init)
    i.MX_TIM1_Init                           0x08001e28   Section        0  tim.o(i.MX_TIM1_Init)
    i.MemManage_Handler                      0x08001efc   Section        0  stm32f4xx_it.o(i.MemManage_Handler)
    i.Method_02                              0x08001f00   Section        0  rgb.o(i.Method_02)
    i.NMI_Handler                            0x08001f7c   Section        0  stm32f4xx_it.o(i.NMI_Handler)
    i.PendSV_Handler                         0x08001f80   Section        0  stm32f4xx_it.o(i.PendSV_Handler)
    i.RGB_Chasing                            0x08001f82   Section        0  rgb.o(i.RGB_Chasing)
    i.RGB_Flush                              0x08002108   Section        0  rgb.o(i.RGB_Flush)
    RGB_Flush                                0x08002109   Thumb Code    12  rgb.o(i.RGB_Flush)
    i.RGB_SendArray                          0x08002114   Section        0  rgb.o(i.RGB_SendArray)
    RGB_SendArray                            0x08002115   Thumb Code    18  rgb.o(i.RGB_SendArray)
    i.RGB_SetMore_Color                      0x08002130   Section        0  rgb.o(i.RGB_SetMore_Color)
    i.RGB_SetOne_Color                       0x08002150   Section        0  rgb.o(i.RGB_SetOne_Color)
    i.RGB_Show_64                            0x080021f4   Section        0  rgb.o(i.RGB_Show_64)
    i.Reset_Load                             0x08002230   Section        0  rgb.o(i.Reset_Load)
    Reset_Load                               0x08002231   Thumb Code    22  rgb.o(i.Reset_Load)
    i.SVC_Handler                            0x0800224c   Section        0  stm32f4xx_it.o(i.SVC_Handler)
    i.SysTick_Handler                        0x0800224e   Section        0  stm32f4xx_it.o(i.SysTick_Handler)
    i.SystemClock_Config                     0x08002258   Section        0  main.o(i.SystemClock_Config)
    i.SystemInit                             0x0800230c   Section        0  system_stm32f4xx.o(i.SystemInit)
    i.TIM_Base_SetConfig                     0x08002320   Section        0  stm32f4xx_hal_tim.o(i.TIM_Base_SetConfig)
    i.TIM_CCxChannelCmd                      0x08002408   Section        0  stm32f4xx_hal_tim.o(i.TIM_CCxChannelCmd)
    i.TIM_DMADelayPulseCplt                  0x0800242a   Section        0  stm32f4xx_hal_tim.o(i.TIM_DMADelayPulseCplt)
    TIM_DMADelayPulseCplt                    0x0800242b   Thumb Code   104  stm32f4xx_hal_tim.o(i.TIM_DMADelayPulseCplt)
    i.TIM_DMADelayPulseHalfCplt              0x08002492   Section        0  stm32f4xx_hal_tim.o(i.TIM_DMADelayPulseHalfCplt)
    i.TIM_DMAError                           0x080024d2   Section        0  stm32f4xx_hal_tim.o(i.TIM_DMAError)
    i.TIM_ETR_SetConfig                      0x08002530   Section        0  stm32f4xx_hal_tim.o(i.TIM_ETR_SetConfig)
    i.TIM_ITRx_SetConfig                     0x08002546   Section        0  stm32f4xx_hal_tim.o(i.TIM_ITRx_SetConfig)
    TIM_ITRx_SetConfig                       0x08002547   Thumb Code    18  stm32f4xx_hal_tim.o(i.TIM_ITRx_SetConfig)
    i.TIM_OC1_SetConfig                      0x08002558   Section        0  stm32f4xx_hal_tim.o(i.TIM_OC1_SetConfig)
    TIM_OC1_SetConfig                        0x08002559   Thumb Code   104  stm32f4xx_hal_tim.o(i.TIM_OC1_SetConfig)
    i.TIM_OC2_SetConfig                      0x080025c8   Section        0  stm32f4xx_hal_tim.o(i.TIM_OC2_SetConfig)
    i.TIM_OC3_SetConfig                      0x08002644   Section        0  stm32f4xx_hal_tim.o(i.TIM_OC3_SetConfig)
    TIM_OC3_SetConfig                        0x08002645   Thumb Code   112  stm32f4xx_hal_tim.o(i.TIM_OC3_SetConfig)
    i.TIM_OC4_SetConfig                      0x080026bc   Section        0  stm32f4xx_hal_tim.o(i.TIM_OC4_SetConfig)
    TIM_OC4_SetConfig                        0x080026bd   Thumb Code    74  stm32f4xx_hal_tim.o(i.TIM_OC4_SetConfig)
    i.TIM_TI1_ConfigInputStage               0x08002710   Section        0  stm32f4xx_hal_tim.o(i.TIM_TI1_ConfigInputStage)
    TIM_TI1_ConfigInputStage                 0x08002711   Thumb Code    38  stm32f4xx_hal_tim.o(i.TIM_TI1_ConfigInputStage)
    i.TIM_TI2_ConfigInputStage               0x08002736   Section        0  stm32f4xx_hal_tim.o(i.TIM_TI2_ConfigInputStage)
    TIM_TI2_ConfigInputStage                 0x08002737   Thumb Code    40  stm32f4xx_hal_tim.o(i.TIM_TI2_ConfigInputStage)
    i.UsageFault_Handler                     0x0800275e   Section        0  stm32f4xx_it.o(i.UsageFault_Handler)
    i.__NVIC_GetPriorityGrouping             0x08002764   Section        0  stm32f4xx_hal_cortex.o(i.__NVIC_GetPriorityGrouping)
    __NVIC_GetPriorityGrouping               0x08002765   Thumb Code    10  stm32f4xx_hal_cortex.o(i.__NVIC_GetPriorityGrouping)
    i.__NVIC_SetPriority                     0x08002774   Section        0  stm32f4xx_hal_cortex.o(i.__NVIC_SetPriority)
    __NVIC_SetPriority                       0x08002775   Thumb Code    32  stm32f4xx_hal_cortex.o(i.__NVIC_SetPriority)
    i.__hardfp_fabs                          0x0800279c   Section        0  fabs.o(i.__hardfp_fabs)
    i.__hardfp_fmod                          0x080027b0   Section        0  fmod.o(i.__hardfp_fmod)
    i.__mathlib_dbl_invalid                  0x080028b8   Section        0  dunder.o(i.__mathlib_dbl_invalid)
    i.hsl_to_rgb                             0x080028d8   Section        0  rgb.o(i.hsl_to_rgb)
    i.main                                   0x08002bbc   Section        0  main.o(i.main)
    i.setBit_8t                              0x08002be2   Section        0  rgb.o(i.setBit_8t)
    x$fpl$d2f                                0x08002bfc   Section       98  d2f.o(x$fpl$d2f)
    $v0                                      0x08002bfc   Number         0  d2f.o(x$fpl$d2f)
    x$fpl$dadd                               0x08002c60   Section      336  daddsub_clz.o(x$fpl$dadd)
    $v0                                      0x08002c60   Number         0  daddsub_clz.o(x$fpl$dadd)
    _dadd1                                   0x08002c71   Thumb Code     0  daddsub_clz.o(x$fpl$dadd)
    x$fpl$ddiv                               0x08002db0   Section      688  ddiv.o(x$fpl$ddiv)
    $v0                                      0x08002db0   Number         0  ddiv.o(x$fpl$ddiv)
    ddiv_entry                               0x08002db7   Thumb Code     0  ddiv.o(x$fpl$ddiv)
    x$fpl$dfix                               0x08003060   Section       94  dfix.o(x$fpl$dfix)
    $v0                                      0x08003060   Number         0  dfix.o(x$fpl$dfix)
    x$fpl$dmul                               0x080030c0   Section      340  dmul.o(x$fpl$dmul)
    $v0                                      0x080030c0   Number         0  dmul.o(x$fpl$dmul)
    x$fpl$dnaninf                            0x08003214   Section      156  dnaninf.o(x$fpl$dnaninf)
    $v0                                      0x08003214   Number         0  dnaninf.o(x$fpl$dnaninf)
    x$fpl$drem                               0x080032b0   Section      336  drem_clz.o(x$fpl$drem)
    $v0                                      0x080032b0   Number         0  drem_clz.o(x$fpl$drem)
    x$fpl$dretinf                            0x08003400   Section       12  dretinf.o(x$fpl$dretinf)
    $v0                                      0x08003400   Number         0  dretinf.o(x$fpl$dretinf)
    x$fpl$drsb                               0x0800340c   Section       22  daddsub_clz.o(x$fpl$drsb)
    $v0                                      0x0800340c   Number         0  daddsub_clz.o(x$fpl$drsb)
    x$fpl$dsub                               0x08003424   Section      468  daddsub_clz.o(x$fpl$dsub)
    $v0                                      0x08003424   Number         0  daddsub_clz.o(x$fpl$dsub)
    _dsub1                                   0x08003435   Thumb Code     0  daddsub_clz.o(x$fpl$dsub)
    x$fpl$f2d                                0x080035f8   Section       86  f2d.o(x$fpl$f2d)
    $v0                                      0x080035f8   Number         0  f2d.o(x$fpl$f2d)
    x$fpl$fnaninf                            0x0800364e   Section      140  fnaninf.o(x$fpl$fnaninf)
    $v0                                      0x0800364e   Number         0  fnaninf.o(x$fpl$fnaninf)
    x$fpl$fpinit                             0x080036da   Section       10  fpinit.o(x$fpl$fpinit)
    $v0                                      0x080036da   Number         0  fpinit.o(x$fpl$fpinit)
    x$fpl$fretinf                            0x080036e4   Section       10  fretinf.o(x$fpl$fretinf)
    $v0                                      0x080036e4   Number         0  fretinf.o(x$fpl$fretinf)
    .constdata                               0x080036ee   Section        8  stm32f4xx_hal_dma.o(.constdata)
    x$fpl$usenofp                            0x080036ee   Section        0  usenofp.o(x$fpl$usenofp)
    flagBitshiftOffset                       0x080036ee   Data           8  stm32f4xx_hal_dma.o(.constdata)
    .constdata                               0x080036f6   Section       24  system_stm32f4xx.o(.constdata)
    .constdata                               0x08003710   Section        8  rgb.o(.constdata)
    .data                                    0x20000000   Section        9  stm32f4xx_hal.o(.data)
    .data                                    0x2000000c   Section        4  system_stm32f4xx.o(.data)
    .data                                    0x20000010   Section       40  rgb.o(.data)
    i                                        0x20000020   Data           1  rgb.o(.data)
    k                                        0x20000021   Data           1  rgb.o(.data)
    l                                        0x20000022   Data           1  rgb.o(.data)
    i                                        0x20000023   Data           1  rgb.o(.data)
    k                                        0x20000024   Data           4  rgb.o(.data)
    i                                        0x20000028   Data           4  rgb.o(.data)
    k                                        0x2000002c   Data           1  rgb.o(.data)
    i                                        0x20000030   Data           4  rgb.o(.data)
    a                                        0x20000034   Data           4  rgb.o(.data)
    .bss                                     0x20000038   Section      240  tim.o(.bss)
    .bss                                     0x20000128   Section    14192  rgb.o(.bss)
    .bss                                     0x20003898   Section       96  libspace.o(.bss)
    HEAP                                     0x200038f8   Section      512  startup_stm32f405xx.o(HEAP)
    Heap_Mem                                 0x200038f8   Data         512  startup_stm32f405xx.o(HEAP)
    STACK                                    0x20003af8   Section     1024  startup_stm32f405xx.o(STACK)
    Stack_Mem                                0x20003af8   Data        1024  startup_stm32f405xx.o(STACK)
    __initial_sp                             0x20003ef8   Data           0  startup_stm32f405xx.o(STACK)

    Global Symbols

    Symbol Name                              Value     Ov Type        Size  Object(Section)

    BuildAttributes$$THM_ISAv4$E$P$D$K$B$S$7EM$VFPi3$EXTD16$VFPS$VFMA$PE$A:L22UL41UL21$X:L11$S22US41US21$IEEE1$IW$USESV6$~STKCKD$USESV7$~SHL$OTIME$ROPI$IEEEX$EBA8$UX$STANDARDLIB$REQ8$PRES8$EABIv2 0x00000000   Number         0  anon$$obj.o ABSOLUTE
    __ARM_use_no_argv                        0x00000000   Number         0  main.o ABSOLUTE
    __ARM_exceptions_init                     - Undefined Weak Reference
    __alloca_initialize                       - Undefined Weak Reference
    __arm_fini_                               - Undefined Weak Reference
    __arm_preinit_                            - Undefined Weak Reference
    __cpp_initialize__aeabi_                  - Undefined Weak Reference
    __cxa_finalize                            - Undefined Weak Reference
    __rt_locale                               - Undefined Weak Reference
    __sigvec_lookup                           - Undefined Weak Reference
    _atexit_init                              - Undefined Weak Reference
    _call_atexit_fns                          - Undefined Weak Reference
    _clock_init                               - Undefined Weak Reference
    _fp_trap_init                             - Undefined Weak Reference
    _fp_trap_shutdown                         - Undefined Weak Reference
    _get_lc_collate                           - Undefined Weak Reference
    _get_lc_ctype                             - Undefined Weak Reference
    _get_lc_monetary                          - Undefined Weak Reference
    _get_lc_numeric                           - Undefined Weak Reference
    _get_lc_time                              - Undefined Weak Reference
    _getenv_init                              - Undefined Weak Reference
    _handle_redirection                       - Undefined Weak Reference
    _init_alloc                               - Undefined Weak Reference
    _init_user_alloc                          - Undefined Weak Reference
    _initio                                   - Undefined Weak Reference
    _rand_init                                - Undefined Weak Reference
    _signal_finish                            - Undefined Weak Reference
    _signal_init                              - Undefined Weak Reference
    _terminate_alloc                          - Undefined Weak Reference
    _terminate_user_alloc                     - Undefined Weak Reference
    _terminateio                              - Undefined Weak Reference
    __Vectors_Size                           0x00000188   Number         0  startup_stm32f405xx.o ABSOLUTE
    __Vectors                                0x08000000   Data           4  startup_stm32f405xx.o(RESET)
    __Vectors_End                            0x08000188   Data           0  startup_stm32f405xx.o(RESET)
    __main                                   0x08000189   Thumb Code     8  __main.o(!!!main)
    __scatterload                            0x08000191   Thumb Code     0  __scatter.o(!!!scatter)
    __scatterload_rt2                        0x08000191   Thumb Code    44  __scatter.o(!!!scatter)
    __scatterload_rt2_thumb_only             0x08000191   Thumb Code     0  __scatter.o(!!!scatter)
    __scatterload_null                       0x0800019f   Thumb Code     0  __scatter.o(!!!scatter)
    __scatterload_copy                       0x080001c5   Thumb Code    26  __scatter_copy.o(!!handler_copy)
    __scatterload_zeroinit                   0x080001e1   Thumb Code    28  __scatter_zi.o(!!handler_zi)
    __rt_lib_init                            0x080001fd   Thumb Code     0  libinit.o(.ARM.Collect$$libinit$$00000000)
    __rt_lib_init_fp_1                       0x080001ff   Thumb Code     0  libinit2.o(.ARM.Collect$$libinit$$00000001)
    __rt_lib_init_alloca_1                   0x08000203   Thumb Code     0  libinit2.o(.ARM.Collect$$libinit$$0000002E)
    __rt_lib_init_argv_1                     0x08000203   Thumb Code     0  libinit2.o(.ARM.Collect$$libinit$$0000002C)
    __rt_lib_init_atexit_1                   0x08000203   Thumb Code     0  libinit2.o(.ARM.Collect$$libinit$$0000001B)
    __rt_lib_init_clock_1                    0x08000203   Thumb Code     0  libinit2.o(.ARM.Collect$$libinit$$00000021)
    __rt_lib_init_cpp_1                      0x08000203   Thumb Code     0  libinit2.o(.ARM.Collect$$libinit$$00000032)
    __rt_lib_init_exceptions_1               0x08000203   Thumb Code     0  libinit2.o(.ARM.Collect$$libinit$$00000030)
    __rt_lib_init_fp_trap_1                  0x08000203   Thumb Code     0  libinit2.o(.ARM.Collect$$libinit$$0000001F)
    __rt_lib_init_getenv_1                   0x08000203   Thumb Code     0  libinit2.o(.ARM.Collect$$libinit$$00000023)
    __rt_lib_init_heap_1                     0x08000203   Thumb Code     0  libinit2.o(.ARM.Collect$$libinit$$0000000A)
    __rt_lib_init_lc_collate_1               0x08000203   Thumb Code     0  libinit2.o(.ARM.Collect$$libinit$$00000011)
    __rt_lib_init_lc_ctype_1                 0x08000203   Thumb Code     0  libinit2.o(.ARM.Collect$$libinit$$00000013)
    __rt_lib_init_lc_monetary_1              0x08000203   Thumb Code     0  libinit2.o(.ARM.Collect$$libinit$$00000015)
    __rt_lib_init_lc_numeric_1               0x08000203   Thumb Code     0  libinit2.o(.ARM.Collect$$libinit$$00000017)
    __rt_lib_init_lc_time_1                  0x08000203   Thumb Code     0  libinit2.o(.ARM.Collect$$libinit$$00000019)
    __rt_lib_init_preinit_1                  0x08000203   Thumb Code     0  libinit2.o(.ARM.Collect$$libinit$$00000004)
    __rt_lib_init_rand_1                     0x08000203   Thumb Code     0  libinit2.o(.ARM.Collect$$libinit$$0000000E)
    __rt_lib_init_return                     0x08000203   Thumb Code     0  libinit2.o(.ARM.Collect$$libinit$$00000033)
    __rt_lib_init_signal_1                   0x08000203   Thumb Code     0  libinit2.o(.ARM.Collect$$libinit$$0000001D)
    __rt_lib_init_stdio_1                    0x08000203   Thumb Code     0  libinit2.o(.ARM.Collect$$libinit$$00000025)
    __rt_lib_init_user_alloc_1               0x08000203   Thumb Code     0  libinit2.o(.ARM.Collect$$libinit$$0000000C)
    __rt_lib_shutdown                        0x08000205   Thumb Code     0  libshutdown.o(.ARM.Collect$$libshutdown$$00000000)
    __rt_lib_shutdown_cpp_1                  0x08000207   Thumb Code     0  libshutdown2.o(.ARM.Collect$$libshutdown$$00000004)
    __rt_lib_shutdown_fini_1                 0x08000207   Thumb Code     0  libshutdown2.o(.ARM.Collect$$libshutdown$$00000002)
    __rt_lib_shutdown_fp_trap_1              0x08000207   Thumb Code     0  libshutdown2.o(.ARM.Collect$$libshutdown$$00000009)
    __rt_lib_shutdown_heap_1                 0x08000207   Thumb Code     0  libshutdown2.o(.ARM.Collect$$libshutdown$$00000011)
    __rt_lib_shutdown_return                 0x08000207   Thumb Code     0  libshutdown2.o(.ARM.Collect$$libshutdown$$00000012)
    __rt_lib_shutdown_signal_1               0x08000207   Thumb Code     0  libshutdown2.o(.ARM.Collect$$libshutdown$$0000000C)
    __rt_lib_shutdown_stdio_1                0x08000207   Thumb Code     0  libshutdown2.o(.ARM.Collect$$libshutdown$$00000006)
    __rt_lib_shutdown_user_alloc_1           0x08000207   Thumb Code     0  libshutdown2.o(.ARM.Collect$$libshutdown$$0000000E)
    __rt_entry                               0x08000209   Thumb Code     0  __rtentry.o(.ARM.Collect$$rtentry$$00000000)
    __rt_entry_presh_1                       0x08000209   Thumb Code     0  __rtentry2.o(.ARM.Collect$$rtentry$$00000002)
    __rt_entry_sh                            0x08000209   Thumb Code     0  __rtentry4.o(.ARM.Collect$$rtentry$$00000004)
    __rt_entry_li                            0x0800020f   Thumb Code     0  __rtentry2.o(.ARM.Collect$$rtentry$$0000000A)
    __rt_entry_postsh_1                      0x0800020f   Thumb Code     0  __rtentry2.o(.ARM.Collect$$rtentry$$00000009)
    __rt_entry_main                          0x08000213   Thumb Code     0  __rtentry2.o(.ARM.Collect$$rtentry$$0000000D)
    __rt_entry_postli_1                      0x08000213   Thumb Code     0  __rtentry2.o(.ARM.Collect$$rtentry$$0000000C)
    __rt_exit                                0x0800021b   Thumb Code     0  rtexit.o(.ARM.Collect$$rtexit$$00000000)
    __rt_exit_ls                             0x0800021d   Thumb Code     0  rtexit2.o(.ARM.Collect$$rtexit$$00000003)
    __rt_exit_prels_1                        0x0800021d   Thumb Code     0  rtexit2.o(.ARM.Collect$$rtexit$$00000002)
    __rt_exit_exit                           0x08000221   Thumb Code     0  rtexit2.o(.ARM.Collect$$rtexit$$00000004)
    Reset_Handler                            0x08000229   Thumb Code     8  startup_stm32f405xx.o(.text)
    ADC_IRQHandler                           0x08000243   Thumb Code     0  startup_stm32f405xx.o(.text)
    CAN1_RX0_IRQHandler                      0x08000243   Thumb Code     0  startup_stm32f405xx.o(.text)
    CAN1_RX1_IRQHandler                      0x08000243   Thumb Code     0  startup_stm32f405xx.o(.text)
    CAN1_SCE_IRQHandler                      0x08000243   Thumb Code     0  startup_stm32f405xx.o(.text)
    CAN1_TX_IRQHandler                       0x08000243   Thumb Code     0  startup_stm32f405xx.o(.text)
    CAN2_RX0_IRQHandler                      0x08000243   Thumb Code     0  startup_stm32f405xx.o(.text)
    CAN2_RX1_IRQHandler                      0x08000243   Thumb Code     0  startup_stm32f405xx.o(.text)
    CAN2_SCE_IRQHandler                      0x08000243   Thumb Code     0  startup_stm32f405xx.o(.text)
    CAN2_TX_IRQHandler                       0x08000243   Thumb Code     0  startup_stm32f405xx.o(.text)
    DMA1_Stream0_IRQHandler                  0x08000243   Thumb Code     0  startup_stm32f405xx.o(.text)
    DMA1_Stream1_IRQHandler                  0x08000243   Thumb Code     0  startup_stm32f405xx.o(.text)
    DMA1_Stream2_IRQHandler                  0x08000243   Thumb Code     0  startup_stm32f405xx.o(.text)
    DMA1_Stream3_IRQHandler                  0x08000243   Thumb Code     0  startup_stm32f405xx.o(.text)
    DMA1_Stream4_IRQHandler                  0x08000243   Thumb Code     0  startup_stm32f405xx.o(.text)
    DMA1_Stream5_IRQHandler                  0x08000243   Thumb Code     0  startup_stm32f405xx.o(.text)
    DMA1_Stream6_IRQHandler                  0x08000243   Thumb Code     0  startup_stm32f405xx.o(.text)
    DMA1_Stream7_IRQHandler                  0x08000243   Thumb Code     0  startup_stm32f405xx.o(.text)
    DMA2_Stream0_IRQHandler                  0x08000243   Thumb Code     0  startup_stm32f405xx.o(.text)
    DMA2_Stream2_IRQHandler                  0x08000243   Thumb Code     0  startup_stm32f405xx.o(.text)
    DMA2_Stream3_IRQHandler                  0x08000243   Thumb Code     0  startup_stm32f405xx.o(.text)
    DMA2_Stream4_IRQHandler                  0x08000243   Thumb Code     0  startup_stm32f405xx.o(.text)
    DMA2_Stream5_IRQHandler                  0x08000243   Thumb Code     0  startup_stm32f405xx.o(.text)
    DMA2_Stream6_IRQHandler                  0x08000243   Thumb Code     0  startup_stm32f405xx.o(.text)
    DMA2_Stream7_IRQHandler                  0x08000243   Thumb Code     0  startup_stm32f405xx.o(.text)
    EXTI0_IRQHandler                         0x08000243   Thumb Code     0  startup_stm32f405xx.o(.text)
    EXTI15_10_IRQHandler                     0x08000243   Thumb Code     0  startup_stm32f405xx.o(.text)
    EXTI1_IRQHandler                         0x08000243   Thumb Code     0  startup_stm32f405xx.o(.text)
    EXTI2_IRQHandler                         0x08000243   Thumb Code     0  startup_stm32f405xx.o(.text)
    EXTI3_IRQHandler                         0x08000243   Thumb Code     0  startup_stm32f405xx.o(.text)
    EXTI4_IRQHandler                         0x08000243   Thumb Code     0  startup_stm32f405xx.o(.text)
    EXTI9_5_IRQHandler                       0x08000243   Thumb Code     0  startup_stm32f405xx.o(.text)
    FLASH_IRQHandler                         0x08000243   Thumb Code     0  startup_stm32f405xx.o(.text)
    FMC_IRQHandler                           0x08000243   Thumb Code     0  startup_stm32f405xx.o(.text)
    FPU_IRQHandler                           0x08000243   Thumb Code     0  startup_stm32f405xx.o(.text)
    HASH_RNG_IRQHandler                      0x08000243   Thumb Code     0  startup_stm32f405xx.o(.text)
    I2C1_ER_IRQHandler                       0x08000243   Thumb Code     0  startup_stm32f405xx.o(.text)
    I2C1_EV_IRQHandler                       0x08000243   Thumb Code     0  startup_stm32f405xx.o(.text)
    I2C2_ER_IRQHandler                       0x08000243   Thumb Code     0  startup_stm32f405xx.o(.text)
    I2C2_EV_IRQHandler                       0x08000243   Thumb Code     0  startup_stm32f405xx.o(.text)
    I2C3_ER_IRQHandler                       0x08000243   Thumb Code     0  startup_stm32f405xx.o(.text)
    I2C3_EV_IRQHandler                       0x08000243   Thumb Code     0  startup_stm32f405xx.o(.text)
    OTG_FS_IRQHandler                        0x08000243   Thumb Code     0  startup_stm32f405xx.o(.text)
    OTG_FS_WKUP_IRQHandler                   0x08000243   Thumb Code     0  startup_stm32f405xx.o(.text)
    OTG_HS_EP1_IN_IRQHandler                 0x08000243   Thumb Code     0  startup_stm32f405xx.o(.text)
    OTG_HS_EP1_OUT_IRQHandler                0x08000243   Thumb Code     0  startup_stm32f405xx.o(.text)
    OTG_HS_IRQHandler                        0x08000243   Thumb Code     0  startup_stm32f405xx.o(.text)
    OTG_HS_WKUP_IRQHandler                   0x08000243   Thumb Code     0  startup_stm32f405xx.o(.text)
    PVD_IRQHandler                           0x08000243   Thumb Code     0  startup_stm32f405xx.o(.text)
    RCC_IRQHandler                           0x08000243   Thumb Code     0  startup_stm32f405xx.o(.text)
    RTC_Alarm_IRQHandler                     0x08000243   Thumb Code     0  startup_stm32f405xx.o(.text)
    RTC_WKUP_IRQHandler                      0x08000243   Thumb Code     0  startup_stm32f405xx.o(.text)
    SDIO_IRQHandler                          0x08000243   Thumb Code     0  startup_stm32f405xx.o(.text)
    SPI1_IRQHandler                          0x08000243   Thumb Code     0  startup_stm32f405xx.o(.text)
    SPI2_IRQHandler                          0x08000243   Thumb Code     0  startup_stm32f405xx.o(.text)
    SPI3_IRQHandler                          0x08000243   Thumb Code     0  startup_stm32f405xx.o(.text)
    TAMP_STAMP_IRQHandler                    0x08000243   Thumb Code     0  startup_stm32f405xx.o(.text)
    TIM1_BRK_TIM9_IRQHandler                 0x08000243   Thumb Code     0  startup_stm32f405xx.o(.text)
    TIM1_CC_IRQHandler                       0x08000243   Thumb Code     0  startup_stm32f405xx.o(.text)
    TIM1_TRG_COM_TIM11_IRQHandler            0x08000243   Thumb Code     0  startup_stm32f405xx.o(.text)
    TIM1_UP_TIM10_IRQHandler                 0x08000243   Thumb Code     0  startup_stm32f405xx.o(.text)
    TIM2_IRQHandler                          0x08000243   Thumb Code     0  startup_stm32f405xx.o(.text)
    TIM3_IRQHandler                          0x08000243   Thumb Code     0  startup_stm32f405xx.o(.text)
    TIM4_IRQHandler                          0x08000243   Thumb Code     0  startup_stm32f405xx.o(.text)
    TIM5_IRQHandler                          0x08000243   Thumb Code     0  startup_stm32f405xx.o(.text)
    TIM6_DAC_IRQHandler                      0x08000243   Thumb Code     0  startup_stm32f405xx.o(.text)
    TIM7_IRQHandler                          0x08000243   Thumb Code     0  startup_stm32f405xx.o(.text)
    TIM8_BRK_TIM12_IRQHandler                0x08000243   Thumb Code     0  startup_stm32f405xx.o(.text)
    TIM8_CC_IRQHandler                       0x08000243   Thumb Code     0  startup_stm32f405xx.o(.text)
    TIM8_TRG_COM_TIM14_IRQHandler            0x08000243   Thumb Code     0  startup_stm32f405xx.o(.text)
    TIM8_UP_TIM13_IRQHandler                 0x08000243   Thumb Code     0  startup_stm32f405xx.o(.text)
    UART4_IRQHandler                         0x08000243   Thumb Code     0  startup_stm32f405xx.o(.text)
    UART5_IRQHandler                         0x08000243   Thumb Code     0  startup_stm32f405xx.o(.text)
    USART1_IRQHandler                        0x08000243   Thumb Code     0  startup_stm32f405xx.o(.text)
    USART2_IRQHandler                        0x08000243   Thumb Code     0  startup_stm32f405xx.o(.text)
    USART3_IRQHandler                        0x08000243   Thumb Code     0  startup_stm32f405xx.o(.text)
    USART6_IRQHandler                        0x08000243   Thumb Code     0  startup_stm32f405xx.o(.text)
    WWDG_IRQHandler                          0x08000243   Thumb Code     0  startup_stm32f405xx.o(.text)
    __user_initial_stackheap                 0x08000245   Thumb Code     0  startup_stm32f405xx.o(.text)
    __aeabi_uldivmod                         0x08000269   Thumb Code     0  lludivv7m.o(.text)
    _ll_udiv                                 0x08000269   Thumb Code   238  lludivv7m.o(.text)
    __aeabi_memclr4                          0x08000357   Thumb Code     0  rt_memclr_w.o(.text)
    __aeabi_memclr8                          0x08000357   Thumb Code     0  rt_memclr_w.o(.text)
    __rt_memclr_w                            0x08000357   Thumb Code    78  rt_memclr_w.o(.text)
    _memset_w                                0x0800035b   Thumb Code     0  rt_memclr_w.o(.text)
    __use_two_region_memory                  0x080003a5   Thumb Code     2  heapauxi.o(.text)
    __rt_heap_escrow$2region                 0x080003a7   Thumb Code     2  heapauxi.o(.text)
    __rt_heap_expand$2region                 0x080003a9   Thumb Code     2  heapauxi.o(.text)
    __read_errno                             0x080003ab   Thumb Code    10  _rserrno.o(.text)
    __set_errno                              0x080003b5   Thumb Code    12  _rserrno.o(.text)
    __aeabi_errno_addr                       0x080003c1   Thumb Code     8  rt_errno_addr_intlibspace.o(.text)
    __errno$intlibspace                      0x080003c1   Thumb Code     0  rt_errno_addr_intlibspace.o(.text)
    __rt_errno_addr$intlibspace              0x080003c1   Thumb Code     0  rt_errno_addr_intlibspace.o(.text)
    __user_libspace                          0x080003c9   Thumb Code     8  libspace.o(.text)
    __user_perproc_libspace                  0x080003c9   Thumb Code     0  libspace.o(.text)
    __user_perthread_libspace                0x080003c9   Thumb Code     0  libspace.o(.text)
    __user_setup_stackheap                   0x080003d1   Thumb Code    74  sys_stackheap_outer.o(.text)
    exit                                     0x0800041b   Thumb Code    18  exit.o(.text)
    _sys_exit                                0x0800042d   Thumb Code     8  sys_exit.o(.text)
    __I$use$semihosting                      0x08000439   Thumb Code     0  use_no_semi.o(.text)
    __use_no_semihosting_swi                 0x08000439   Thumb Code     2  use_no_semi.o(.text)
    BusFault_Handler                         0x0800043b   Thumb Code     4  stm32f4xx_it.o(i.BusFault_Handler)
    __semihosting_library_function           0x0800043b   Thumb Code     0  indicate_semi.o(.text)
    DMA2_Stream1_IRQHandler                  0x08000441   Thumb Code    10  stm32f4xx_it.o(i.DMA2_Stream1_IRQHandler)
    DebugMon_Handler                         0x0800055b   Thumb Code     2  stm32f4xx_it.o(i.DebugMon_Handler)
    Error_Handler                            0x0800055d   Thumb Code     6  main.o(i.Error_Handler)
    HAL_DMA_Abort_IT                         0x08000563   Thumb Code    40  stm32f4xx_hal_dma.o(i.HAL_DMA_Abort_IT)
    HAL_DMA_IRQHandler                       0x0800058d   Thumb Code   570  stm32f4xx_hal_dma.o(i.HAL_DMA_IRQHandler)
    HAL_DMA_Init                             0x080007cd   Thumb Code   232  stm32f4xx_hal_dma.o(i.HAL_DMA_Init)
    HAL_DMA_Start_IT                         0x080008b9   Thumb Code   146  stm32f4xx_hal_dma.o(i.HAL_DMA_Start_IT)
    HAL_Delay                                0x0800094d   Thumb Code    36  stm32f4xx_hal.o(i.HAL_Delay)
    HAL_GPIO_Init                            0x08000975   Thumb Code   454  stm32f4xx_hal_gpio.o(i.HAL_GPIO_Init)
    HAL_GPIO_WritePin                        0x08000b69   Thumb Code    12  stm32f4xx_hal_gpio.o(i.HAL_GPIO_WritePin)
    HAL_GetTick                              0x08000b75   Thumb Code     6  stm32f4xx_hal.o(i.HAL_GetTick)
    HAL_IncTick                              0x08000b81   Thumb Code    16  stm32f4xx_hal.o(i.HAL_IncTick)
    HAL_Init                                 0x08000b99   Thumb Code    54  stm32f4xx_hal.o(i.HAL_Init)
    HAL_InitTick                             0x08000bd5   Thumb Code    64  stm32f4xx_hal.o(i.HAL_InitTick)
    HAL_MspInit                              0x08000c21   Thumb Code    68  stm32f4xx_hal_msp.o(i.HAL_MspInit)
    HAL_NVIC_EnableIRQ                       0x08000c69   Thumb Code    40  stm32f4xx_hal_cortex.o(i.HAL_NVIC_EnableIRQ)
    HAL_NVIC_SetPriority                     0x08000c91   Thumb Code   124  stm32f4xx_hal_cortex.o(i.HAL_NVIC_SetPriority)
    HAL_NVIC_SetPriorityGrouping             0x08000d0d   Thumb Code    32  stm32f4xx_hal_cortex.o(i.HAL_NVIC_SetPriorityGrouping)
    HAL_RCC_ClockConfig                      0x08000d35   Thumb Code   368  stm32f4xx_hal_rcc.o(i.HAL_RCC_ClockConfig)
    HAL_RCC_GetSysClockFreq                  0x08000eb9   Thumb Code   162  stm32f4xx_hal_rcc.o(i.HAL_RCC_GetSysClockFreq)
    HAL_RCC_OscConfig                        0x08000f69   Thumb Code  1172  stm32f4xx_hal_rcc.o(i.HAL_RCC_OscConfig)
    HAL_SYSTICK_Config                       0x08001405   Thumb Code    52  stm32f4xx_hal_cortex.o(i.HAL_SYSTICK_Config)
    HAL_TIMEx_ConfigBreakDeadTime            0x08001439   Thumb Code   116  stm32f4xx_hal_tim_ex.o(i.HAL_TIMEx_ConfigBreakDeadTime)
    HAL_TIMEx_MasterConfigSynchronization    0x080014ad   Thumb Code   150  stm32f4xx_hal_tim_ex.o(i.HAL_TIMEx_MasterConfigSynchronization)
    HAL_TIM_Base_Init                        0x08001561   Thumb Code   102  stm32f4xx_hal_tim.o(i.HAL_TIM_Base_Init)
    HAL_TIM_Base_MspInit                     0x080015c9   Thumb Code   162  tim.o(i.HAL_TIM_Base_MspInit)
    HAL_TIM_ConfigClockSource                0x08001681   Thumb Code   268  stm32f4xx_hal_tim.o(i.HAL_TIM_ConfigClockSource)
    HAL_TIM_ErrorCallback                    0x0800178d   Thumb Code     2  stm32f4xx_hal_tim.o(i.HAL_TIM_ErrorCallback)
    HAL_TIM_MspPostInit                      0x08001791   Thumb Code    84  tim.o(i.HAL_TIM_MspPostInit)
    HAL_TIM_PWM_ConfigChannel                0x080017f1   Thumb Code   260  stm32f4xx_hal_tim.o(i.HAL_TIM_PWM_ConfigChannel)
    HAL_TIM_PWM_Init                         0x080018f5   Thumb Code   102  stm32f4xx_hal_tim.o(i.HAL_TIM_PWM_Init)
    HAL_TIM_PWM_MspInit                      0x0800195b   Thumb Code     2  stm32f4xx_hal_tim.o(i.HAL_TIM_PWM_MspInit)
    HAL_TIM_PWM_PulseFinishedCallback        0x0800195d   Thumb Code    14  rgb.o(i.HAL_TIM_PWM_PulseFinishedCallback)
    HAL_TIM_PWM_PulseFinishedHalfCpltCallback 0x08001971   Thumb Code     2  stm32f4xx_hal_tim.o(i.HAL_TIM_PWM_PulseFinishedHalfCpltCallback)
    HAL_TIM_PWM_Start_DMA                    0x08001975   Thumb Code   546  stm32f4xx_hal_tim.o(i.HAL_TIM_PWM_Start_DMA)
    HAL_TIM_PWM_Stop_DMA                     0x08001bc1   Thumb Code   268  stm32f4xx_hal_tim.o(i.HAL_TIM_PWM_Stop_DMA)
    HardFault_Handler                        0x08001cd5   Thumb Code     4  stm32f4xx_it.o(i.HardFault_Handler)
    MX_DMA_Init                              0x08001cd9   Thumb Code    52  dma.o(i.MX_DMA_Init)
    MX_GPIO_Init                             0x08001d11   Thumb Code   216  gpio.o(i.MX_GPIO_Init)
    MX_TIM14_Init                            0x08001df5   Thumb Code    42  tim.o(i.MX_TIM14_Init)
    MX_TIM1_Init                             0x08001e29   Thumb Code   204  tim.o(i.MX_TIM1_Init)
    MemManage_Handler                        0x08001efd   Thumb Code     4  stm32f4xx_it.o(i.MemManage_Handler)
    Method_02                                0x08001f01   Thumb Code   110  rgb.o(i.Method_02)
    NMI_Handler                              0x08001f7d   Thumb Code     4  stm32f4xx_it.o(i.NMI_Handler)
    PendSV_Handler                           0x08001f81   Thumb Code     2  stm32f4xx_it.o(i.PendSV_Handler)
    RGB_Chasing                              0x08001f83   Thumb Code   390  rgb.o(i.RGB_Chasing)
    RGB_SetMore_Color                        0x08002131   Thumb Code    32  rgb.o(i.RGB_SetMore_Color)
    RGB_SetOne_Color                         0x08002151   Thumb Code   158  rgb.o(i.RGB_SetOne_Color)
    RGB_Show_64                              0x080021f5   Thumb Code    48  rgb.o(i.RGB_Show_64)
    SVC_Handler                              0x0800224d   Thumb Code     2  stm32f4xx_it.o(i.SVC_Handler)
    SysTick_Handler                          0x0800224f   Thumb Code     8  stm32f4xx_it.o(i.SysTick_Handler)
    SystemClock_Config                       0x08002259   Thumb Code   170  main.o(i.SystemClock_Config)
    SystemInit                               0x0800230d   Thumb Code    14  system_stm32f4xx.o(i.SystemInit)
    TIM_Base_SetConfig                       0x08002321   Thumb Code   186  stm32f4xx_hal_tim.o(i.TIM_Base_SetConfig)
    TIM_CCxChannelCmd                        0x08002409   Thumb Code    34  stm32f4xx_hal_tim.o(i.TIM_CCxChannelCmd)
    TIM_DMADelayPulseHalfCplt                0x08002493   Thumb Code    64  stm32f4xx_hal_tim.o(i.TIM_DMADelayPulseHalfCplt)
    TIM_DMAError                             0x080024d3   Thumb Code    94  stm32f4xx_hal_tim.o(i.TIM_DMAError)
    TIM_ETR_SetConfig                        0x08002531   Thumb Code    22  stm32f4xx_hal_tim.o(i.TIM_ETR_SetConfig)
    TIM_OC2_SetConfig                        0x080025c9   Thumb Code   114  stm32f4xx_hal_tim.o(i.TIM_OC2_SetConfig)
    UsageFault_Handler                       0x0800275f   Thumb Code     4  stm32f4xx_it.o(i.UsageFault_Handler)
    __hardfp_fabs                            0x0800279d   Thumb Code    20  fabs.o(i.__hardfp_fabs)
    __hardfp_fmod                            0x080027b1   Thumb Code   254  fmod.o(i.__hardfp_fmod)
    __mathlib_dbl_invalid                    0x080028b9   Thumb Code    24  dunder.o(i.__mathlib_dbl_invalid)
    hsl_to_rgb                               0x080028d9   Thumb Code   678  rgb.o(i.hsl_to_rgb)
    main                                     0x08002bbd   Thumb Code    38  main.o(i.main)
    setBit_8t                                0x08002be3   Thumb Code    26  rgb.o(i.setBit_8t)
    __aeabi_d2f                              0x08002bfd   Thumb Code     0  d2f.o(x$fpl$d2f)
    _d2f                                     0x08002bfd   Thumb Code    98  d2f.o(x$fpl$d2f)
    __aeabi_dadd                             0x08002c61   Thumb Code     0  daddsub_clz.o(x$fpl$dadd)
    _dadd                                    0x08002c61   Thumb Code   332  daddsub_clz.o(x$fpl$dadd)
    __aeabi_ddiv                             0x08002db1   Thumb Code     0  ddiv.o(x$fpl$ddiv)
    _ddiv                                    0x08002db1   Thumb Code   552  ddiv.o(x$fpl$ddiv)
    __aeabi_d2iz                             0x08003061   Thumb Code     0  dfix.o(x$fpl$dfix)
    _dfix                                    0x08003061   Thumb Code    94  dfix.o(x$fpl$dfix)
    __aeabi_dmul                             0x080030c1   Thumb Code     0  dmul.o(x$fpl$dmul)
    _dmul                                    0x080030c1   Thumb Code   332  dmul.o(x$fpl$dmul)
    __fpl_dnaninf                            0x08003215   Thumb Code   156  dnaninf.o(x$fpl$dnaninf)
    _drem                                    0x080032b1   Thumb Code   328  drem_clz.o(x$fpl$drem)
    __fpl_dretinf                            0x08003401   Thumb Code    12  dretinf.o(x$fpl$dretinf)
    __aeabi_drsub                            0x0800340d   Thumb Code     0  daddsub_clz.o(x$fpl$drsb)
    _drsb                                    0x0800340d   Thumb Code    22  daddsub_clz.o(x$fpl$drsb)
    __aeabi_dsub                             0x08003425   Thumb Code     0  daddsub_clz.o(x$fpl$dsub)
    _dsub                                    0x08003425   Thumb Code   464  daddsub_clz.o(x$fpl$dsub)
    __aeabi_f2d                              0x080035f9   Thumb Code     0  f2d.o(x$fpl$f2d)
    _f2d                                     0x080035f9   Thumb Code    86  f2d.o(x$fpl$f2d)
    __fpl_fnaninf                            0x0800364f   Thumb Code   140  fnaninf.o(x$fpl$fnaninf)
    _fp_init                                 0x080036db   Thumb Code    10  fpinit.o(x$fpl$fpinit)
    __fplib_config_fpu_vfp                   0x080036e3   Thumb Code     0  fpinit.o(x$fpl$fpinit)
    __fplib_config_pureend_doubles           0x080036e3   Thumb Code     0  fpinit.o(x$fpl$fpinit)
    __fpl_fretinf                            0x080036e5   Thumb Code    10  fretinf.o(x$fpl$fretinf)
    __I$use$fp                               0x080036ee   Number         0  usenofp.o(x$fpl$usenofp)
    AHBPrescTable                            0x080036f6   Data          16  system_stm32f4xx.o(.constdata)
    APBPrescTable                            0x08003706   Data           8  system_stm32f4xx.o(.constdata)
    BLACK                                    0x08003710   Data           8  rgb.o(.constdata)
    Region$$Table$$Base                      0x08003718   Number         0  anon$$obj.o(Region$$Table)
    Region$$Table$$Limit                     0x08003738   Number         0  anon$$obj.o(Region$$Table)
    uwTick                                   0x20000000   Data           4  stm32f4xx_hal.o(.data)
    uwTickPrio                               0x20000004   Data           4  stm32f4xx_hal.o(.data)
    uwTickFreq                               0x20000008   Data           1  stm32f4xx_hal.o(.data)
    SystemCoreClock                          0x2000000c   Data           4  system_stm32f4xx.o(.data)
    RGB_0                                    0x20000010   Data           8  rgb.o(.data)
    RGB_1                                    0x20000018   Data           8  rgb.o(.data)
    htim1                                    0x20000038   Data          72  tim.o(.bss)
    htim14                                   0x20000080   Data          72  tim.o(.bss)
    hdma_tim1_ch1                            0x200000c8   Data          96  tim.o(.bss)
    RGB                                      0x20000128   Data          80  rgb.o(.bss)
    Pixel_Buf                                0x20000178   Data       14112  rgb.o(.bss)
    __libspace_start                         0x20003898   Data          96  libspace.o(.bss)
    __temporary_stack_top$libspace           0x200038f8   Data           0  libspace.o(.bss)



==============================================================================

Memory Map of the image

  Image Entry point : 0x08000189

  Load Region LR_IROM1 (Base: 0x08000000, Size: 0x00003770, Max: 0x00100000, ABSOLUTE)

    Execution Region ER_IROM1 (Exec base: 0x08000000, Load base: 0x08000000, Size: 0x00003738, Max: 0x00100000, ABSOLUTE)

    Exec Addr    Load Addr    Size         Type   Attr      Idx    E Section Name        Object

    0x08000000   0x08000000   0x00000188   Data   RO            3    RESET               startup_stm32f405xx.o
    0x08000188   0x08000188   0x00000008   Code   RO         2743  * !!!main             c_w.l(__main.o)
    0x08000190   0x08000190   0x00000034   Code   RO         2982    !!!scatter          c_w.l(__scatter.o)
    0x080001c4   0x080001c4   0x0000001a   Code   RO         2984    !!handler_copy      c_w.l(__scatter_copy.o)
    0x080001de   0x080001de   0x00000002   PAD
    0x080001e0   0x080001e0   0x0000001c   Code   RO         2986    !!handler_zi        c_w.l(__scatter_zi.o)
    0x080001fc   0x080001fc   0x00000002   Code   RO         2853    .ARM.Collect$$libinit$$00000000  c_w.l(libinit.o)
    0x080001fe   0x080001fe   0x00000004   Code   RO         2862    .ARM.Collect$$libinit$$00000001  c_w.l(libinit2.o)
    0x08000202   0x08000202   0x00000000   Code   RO         2865    .ARM.Collect$$libinit$$00000004  c_w.l(libinit2.o)
    0x08000202   0x08000202   0x00000000   Code   RO         2868    .ARM.Collect$$libinit$$0000000A  c_w.l(libinit2.o)
    0x08000202   0x08000202   0x00000000   Code   RO         2870    .ARM.Collect$$libinit$$0000000C  c_w.l(libinit2.o)
    0x08000202   0x08000202   0x00000000   Code   RO         2872    .ARM.Collect$$libinit$$0000000E  c_w.l(libinit2.o)
    0x08000202   0x08000202   0x00000000   Code   RO         2875    .ARM.Collect$$libinit$$00000011  c_w.l(libinit2.o)
    0x08000202   0x08000202   0x00000000   Code   RO         2877    .ARM.Collect$$libinit$$00000013  c_w.l(libinit2.o)
    0x08000202   0x08000202   0x00000000   Code   RO         2879    .ARM.Collect$$libinit$$00000015  c_w.l(libinit2.o)
    0x08000202   0x08000202   0x00000000   Code   RO         2881    .ARM.Collect$$libinit$$00000017  c_w.l(libinit2.o)
    0x08000202   0x08000202   0x00000000   Code   RO         2883    .ARM.Collect$$libinit$$00000019  c_w.l(libinit2.o)
    0x08000202   0x08000202   0x00000000   Code   RO         2885    .ARM.Collect$$libinit$$0000001B  c_w.l(libinit2.o)
    0x08000202   0x08000202   0x00000000   Code   RO         2887    .ARM.Collect$$libinit$$0000001D  c_w.l(libinit2.o)
    0x08000202   0x08000202   0x00000000   Code   RO         2889    .ARM.Collect$$libinit$$0000001F  c_w.l(libinit2.o)
    0x08000202   0x08000202   0x00000000   Code   RO         2891    .ARM.Collect$$libinit$$00000021  c_w.l(libinit2.o)
    0x08000202   0x08000202   0x00000000   Code   RO         2893    .ARM.Collect$$libinit$$00000023  c_w.l(libinit2.o)
    0x08000202   0x08000202   0x00000000   Code   RO         2895    .ARM.Collect$$libinit$$00000025  c_w.l(libinit2.o)
    0x08000202   0x08000202   0x00000000   Code   RO         2899    .ARM.Collect$$libinit$$0000002C  c_w.l(libinit2.o)
    0x08000202   0x08000202   0x00000000   Code   RO         2901    .ARM.Collect$$libinit$$0000002E  c_w.l(libinit2.o)
    0x08000202   0x08000202   0x00000000   Code   RO         2903    .ARM.Collect$$libinit$$00000030  c_w.l(libinit2.o)
    0x08000202   0x08000202   0x00000000   Code   RO         2905    .ARM.Collect$$libinit$$00000032  c_w.l(libinit2.o)
    0x08000202   0x08000202   0x00000002   Code   RO         2906    .ARM.Collect$$libinit$$00000033  c_w.l(libinit2.o)
    0x08000204   0x08000204   0x00000002   Code   RO         2937    .ARM.Collect$$libshutdown$$00000000  c_w.l(libshutdown.o)
    0x08000206   0x08000206   0x00000000   Code   RO         2963    .ARM.Collect$$libshutdown$$00000002  c_w.l(libshutdown2.o)
    0x08000206   0x08000206   0x00000000   Code   RO         2965    .ARM.Collect$$libshutdown$$00000004  c_w.l(libshutdown2.o)
    0x08000206   0x08000206   0x00000000   Code   RO         2967    .ARM.Collect$$libshutdown$$00000006  c_w.l(libshutdown2.o)
    0x08000206   0x08000206   0x00000000   Code   RO         2970    .ARM.Collect$$libshutdown$$00000009  c_w.l(libshutdown2.o)
    0x08000206   0x08000206   0x00000000   Code   RO         2973    .ARM.Collect$$libshutdown$$0000000C  c_w.l(libshutdown2.o)
    0x08000206   0x08000206   0x00000000   Code   RO         2975    .ARM.Collect$$libshutdown$$0000000E  c_w.l(libshutdown2.o)
    0x08000206   0x08000206   0x00000000   Code   RO         2978    .ARM.Collect$$libshutdown$$00000011  c_w.l(libshutdown2.o)
    0x08000206   0x08000206   0x00000002   Code   RO         2979    .ARM.Collect$$libshutdown$$00000012  c_w.l(libshutdown2.o)
    0x08000208   0x08000208   0x00000000   Code   RO         2783    .ARM.Collect$$rtentry$$00000000  c_w.l(__rtentry.o)
    0x08000208   0x08000208   0x00000000   Code   RO         2816    .ARM.Collect$$rtentry$$00000002  c_w.l(__rtentry2.o)
    0x08000208   0x08000208   0x00000006   Code   RO         2828    .ARM.Collect$$rtentry$$00000004  c_w.l(__rtentry4.o)
    0x0800020e   0x0800020e   0x00000000   Code   RO         2818    .ARM.Collect$$rtentry$$00000009  c_w.l(__rtentry2.o)
    0x0800020e   0x0800020e   0x00000004   Code   RO         2819    .ARM.Collect$$rtentry$$0000000A  c_w.l(__rtentry2.o)
    0x08000212   0x08000212   0x00000000   Code   RO         2821    .ARM.Collect$$rtentry$$0000000C  c_w.l(__rtentry2.o)
    0x08000212   0x08000212   0x00000008   Code   RO         2822    .ARM.Collect$$rtentry$$0000000D  c_w.l(__rtentry2.o)
    0x0800021a   0x0800021a   0x00000002   Code   RO         2854    .ARM.Collect$$rtexit$$00000000  c_w.l(rtexit.o)
    0x0800021c   0x0800021c   0x00000000   Code   RO         2910    .ARM.Collect$$rtexit$$00000002  c_w.l(rtexit2.o)
    0x0800021c   0x0800021c   0x00000004   Code   RO         2911    .ARM.Collect$$rtexit$$00000003  c_w.l(rtexit2.o)
    0x08000220   0x08000220   0x00000006   Code   RO         2912    .ARM.Collect$$rtexit$$00000004  c_w.l(rtexit2.o)
    0x08000226   0x08000226   0x00000002   PAD
    0x08000228   0x08000228   0x00000040   Code   RO            4    .text               startup_stm32f405xx.o
    0x08000268   0x08000268   0x000000ee   Code   RO         2737    .text               c_w.l(lludivv7m.o)
    0x08000356   0x08000356   0x0000004e   Code   RO         2739    .text               c_w.l(rt_memclr_w.o)
    0x080003a4   0x080003a4   0x00000006   Code   RO         2741    .text               c_w.l(heapauxi.o)
    0x080003aa   0x080003aa   0x00000016   Code   RO         2788    .text               c_w.l(_rserrno.o)
    0x080003c0   0x080003c0   0x00000008   Code   RO         2835    .text               c_w.l(rt_errno_addr_intlibspace.o)
    0x080003c8   0x080003c8   0x00000008   Code   RO         2837    .text               c_w.l(libspace.o)
    0x080003d0   0x080003d0   0x0000004a   Code   RO         2840    .text               c_w.l(sys_stackheap_outer.o)
    0x0800041a   0x0800041a   0x00000012   Code   RO         2842    .text               c_w.l(exit.o)
    0x0800042c   0x0800042c   0x0000000c   Code   RO         2907    .text               c_w.l(sys_exit.o)
    0x08000438   0x08000438   0x00000002   Code   RO         2926    .text               c_w.l(use_no_semi.o)
    0x0800043a   0x0800043a   0x00000000   Code   RO         2928    .text               c_w.l(indicate_semi.o)
    0x0800043a   0x0800043a   0x00000004   Code   RO          264    i.BusFault_Handler  stm32f4xx_it.o
    0x0800043e   0x0800043e   0x00000002   PAD
    0x08000440   0x08000440   0x00000010   Code   RO          265    i.DMA2_Stream1_IRQHandler  stm32f4xx_it.o
    0x08000450   0x08000450   0x00000034   Code   RO         1858    i.DMA_CalcBaseAndBitshift  stm32f4xx_hal_dma.o
    0x08000484   0x08000484   0x000000aa   Code   RO         1859    i.DMA_CheckFifoParam  stm32f4xx_hal_dma.o
    0x0800052e   0x0800052e   0x0000002c   Code   RO         1860    i.DMA_SetConfig     stm32f4xx_hal_dma.o
    0x0800055a   0x0800055a   0x00000002   Code   RO          266    i.DebugMon_Handler  stm32f4xx_it.o
    0x0800055c   0x0800055c   0x00000006   Code   RO           13    i.Error_Handler     main.o
    0x08000562   0x08000562   0x00000028   Code   RO         1862    i.HAL_DMA_Abort_IT  stm32f4xx_hal_dma.o
    0x0800058a   0x0800058a   0x00000002   PAD
    0x0800058c   0x0800058c   0x00000240   Code   RO         1866    i.HAL_DMA_IRQHandler  stm32f4xx_hal_dma.o
    0x080007cc   0x080007cc   0x000000ec   Code   RO         1867    i.HAL_DMA_Init      stm32f4xx_hal_dma.o
    0x080008b8   0x080008b8   0x00000092   Code   RO         1871    i.HAL_DMA_Start_IT  stm32f4xx_hal_dma.o
    0x0800094a   0x0800094a   0x00000002   PAD
    0x0800094c   0x0800094c   0x00000028   Code   RO         2303    i.HAL_Delay         stm32f4xx_hal.o
    0x08000974   0x08000974   0x000001f4   Code   RO         1754    i.HAL_GPIO_Init     stm32f4xx_hal_gpio.o
    0x08000b68   0x08000b68   0x0000000c   Code   RO         1758    i.HAL_GPIO_WritePin  stm32f4xx_hal_gpio.o
    0x08000b74   0x08000b74   0x0000000c   Code   RO         2309    i.HAL_GetTick       stm32f4xx_hal.o
    0x08000b80   0x08000b80   0x00000018   Code   RO         2315    i.HAL_IncTick       stm32f4xx_hal.o
    0x08000b98   0x08000b98   0x0000003c   Code   RO         2316    i.HAL_Init          stm32f4xx_hal.o
    0x08000bd4   0x08000bd4   0x0000004c   Code   RO         2317    i.HAL_InitTick      stm32f4xx_hal.o
    0x08000c20   0x08000c20   0x00000048   Code   RO          346    i.HAL_MspInit       stm32f4xx_hal_msp.o
    0x08000c68   0x08000c68   0x00000028   Code   RO         2146    i.HAL_NVIC_EnableIRQ  stm32f4xx_hal_cortex.o
    0x08000c90   0x08000c90   0x0000007c   Code   RO         2152    i.HAL_NVIC_SetPriority  stm32f4xx_hal_cortex.o
    0x08000d0c   0x08000d0c   0x00000028   Code   RO         2153    i.HAL_NVIC_SetPriorityGrouping  stm32f4xx_hal_cortex.o
    0x08000d34   0x08000d34   0x00000184   Code   RO         1355    i.HAL_RCC_ClockConfig  stm32f4xx_hal_rcc.o
    0x08000eb8   0x08000eb8   0x000000b0   Code   RO         1364    i.HAL_RCC_GetSysClockFreq  stm32f4xx_hal_rcc.o
    0x08000f68   0x08000f68   0x0000049c   Code   RO         1367    i.HAL_RCC_OscConfig  stm32f4xx_hal_rcc.o
    0x08001404   0x08001404   0x00000034   Code   RO         2157    i.HAL_SYSTICK_Config  stm32f4xx_hal_cortex.o
    0x08001438   0x08001438   0x00000074   Code   RO         1090    i.HAL_TIMEx_ConfigBreakDeadTime  stm32f4xx_hal_tim_ex.o
    0x080014ac   0x080014ac   0x000000b4   Code   RO         1106    i.HAL_TIMEx_MasterConfigSynchronization  stm32f4xx_hal_tim_ex.o
    0x08001560   0x08001560   0x00000066   Code   RO          372    i.HAL_TIM_Base_Init  stm32f4xx_hal_tim.o
    0x080015c6   0x080015c6   0x00000002   PAD
    0x080015c8   0x080015c8   0x000000b8   Code   RO          205    i.HAL_TIM_Base_MspInit  tim.o
    0x08001680   0x08001680   0x0000010c   Code   RO          381    i.HAL_TIM_ConfigClockSource  stm32f4xx_hal_tim.o
    0x0800178c   0x0800178c   0x00000002   Code   RO          402    i.HAL_TIM_ErrorCallback  stm32f4xx_hal_tim.o
    0x0800178e   0x0800178e   0x00000002   PAD
    0x08001790   0x08001790   0x00000060   Code   RO          206    i.HAL_TIM_MspPostInit  tim.o
    0x080017f0   0x080017f0   0x00000104   Code   RO          444    i.HAL_TIM_PWM_ConfigChannel  stm32f4xx_hal_tim.o
    0x080018f4   0x080018f4   0x00000066   Code   RO          447    i.HAL_TIM_PWM_Init  stm32f4xx_hal_tim.o
    0x0800195a   0x0800195a   0x00000002   Code   RO          449    i.HAL_TIM_PWM_MspInit  stm32f4xx_hal_tim.o
    0x0800195c   0x0800195c   0x00000014   Code   RO         2593    i.HAL_TIM_PWM_PulseFinishedCallback  rgb.o
    0x08001970   0x08001970   0x00000002   Code   RO          451    i.HAL_TIM_PWM_PulseFinishedHalfCpltCallback  stm32f4xx_hal_tim.o
    0x08001972   0x08001972   0x00000002   PAD
    0x08001974   0x08001974   0x0000024c   Code   RO          453    i.HAL_TIM_PWM_Start_DMA  stm32f4xx_hal_tim.o
    0x08001bc0   0x08001bc0   0x00000114   Code   RO          456    i.HAL_TIM_PWM_Stop_DMA  stm32f4xx_hal_tim.o
    0x08001cd4   0x08001cd4   0x00000004   Code   RO          267    i.HardFault_Handler  stm32f4xx_it.o
    0x08001cd8   0x08001cd8   0x00000038   Code   RO          180    i.MX_DMA_Init       dma.o
    0x08001d10   0x08001d10   0x000000e4   Code   RO          156    i.MX_GPIO_Init      gpio.o
    0x08001df4   0x08001df4   0x00000034   Code   RO          207    i.MX_TIM14_Init     tim.o
    0x08001e28   0x08001e28   0x000000d4   Code   RO          208    i.MX_TIM1_Init      tim.o
    0x08001efc   0x08001efc   0x00000004   Code   RO          268    i.MemManage_Handler  stm32f4xx_it.o
    0x08001f00   0x08001f00   0x0000007c   Code   RO         2596    i.Method_02         rgb.o
    0x08001f7c   0x08001f7c   0x00000004   Code   RO          269    i.NMI_Handler       stm32f4xx_it.o
    0x08001f80   0x08001f80   0x00000002   Code   RO          270    i.PendSV_Handler    stm32f4xx_it.o
    0x08001f82   0x08001f82   0x00000186   Code   RO         2598    i.RGB_Chasing       rgb.o
    0x08002108   0x08002108   0x0000000c   Code   RO         2599    i.RGB_Flush         rgb.o
    0x08002114   0x08002114   0x0000001c   Code   RO         2600    i.RGB_SendArray     rgb.o
    0x08002130   0x08002130   0x00000020   Code   RO         2601    i.RGB_SetMore_Color  rgb.o
    0x08002150   0x08002150   0x000000a4   Code   RO         2602    i.RGB_SetOne_Color  rgb.o
    0x080021f4   0x080021f4   0x0000003c   Code   RO         2603    i.RGB_Show_64       rgb.o
    0x08002230   0x08002230   0x0000001c   Code   RO         2604    i.Reset_Load        rgb.o
    0x0800224c   0x0800224c   0x00000002   Code   RO          271    i.SVC_Handler       stm32f4xx_it.o
    0x0800224e   0x0800224e   0x00000008   Code   RO          272    i.SysTick_Handler   stm32f4xx_it.o
    0x08002256   0x08002256   0x00000002   PAD
    0x08002258   0x08002258   0x000000b4   Code   RO           14    i.SystemClock_Config  main.o
    0x0800230c   0x0800230c   0x00000014   Code   RO         2555    i.SystemInit        system_stm32f4xx.o
    0x08002320   0x08002320   0x000000e8   Code   RO          465    i.TIM_Base_SetConfig  stm32f4xx_hal_tim.o
    0x08002408   0x08002408   0x00000022   Code   RO          466    i.TIM_CCxChannelCmd  stm32f4xx_hal_tim.o
    0x0800242a   0x0800242a   0x00000068   Code   RO          469    i.TIM_DMADelayPulseCplt  stm32f4xx_hal_tim.o
    0x08002492   0x08002492   0x00000040   Code   RO          470    i.TIM_DMADelayPulseHalfCplt  stm32f4xx_hal_tim.o
    0x080024d2   0x080024d2   0x0000005e   Code   RO          471    i.TIM_DMAError      stm32f4xx_hal_tim.o
    0x08002530   0x08002530   0x00000016   Code   RO          476    i.TIM_ETR_SetConfig  stm32f4xx_hal_tim.o
    0x08002546   0x08002546   0x00000012   Code   RO          477    i.TIM_ITRx_SetConfig  stm32f4xx_hal_tim.o
    0x08002558   0x08002558   0x00000070   Code   RO          478    i.TIM_OC1_SetConfig  stm32f4xx_hal_tim.o
    0x080025c8   0x080025c8   0x0000007c   Code   RO          479    i.TIM_OC2_SetConfig  stm32f4xx_hal_tim.o
    0x08002644   0x08002644   0x00000078   Code   RO          480    i.TIM_OC3_SetConfig  stm32f4xx_hal_tim.o
    0x080026bc   0x080026bc   0x00000054   Code   RO          481    i.TIM_OC4_SetConfig  stm32f4xx_hal_tim.o
    0x08002710   0x08002710   0x00000026   Code   RO          483    i.TIM_TI1_ConfigInputStage  stm32f4xx_hal_tim.o
    0x08002736   0x08002736   0x00000028   Code   RO          485    i.TIM_TI2_ConfigInputStage  stm32f4xx_hal_tim.o
    0x0800275e   0x0800275e   0x00000004   Code   RO          273    i.UsageFault_Handler  stm32f4xx_it.o
    0x08002762   0x08002762   0x00000002   PAD
    0x08002764   0x08002764   0x00000010   Code   RO         2159    i.__NVIC_GetPriorityGrouping  stm32f4xx_hal_cortex.o
    0x08002774   0x08002774   0x00000028   Code   RO         2160    i.__NVIC_SetPriority  stm32f4xx_hal_cortex.o
    0x0800279c   0x0800279c   0x00000014   Code   RO         2765    i.__hardfp_fabs     m_wm.l(fabs.o)
    0x080027b0   0x080027b0   0x00000104   Code   RO         2771    i.__hardfp_fmod     m_wm.l(fmod.o)
    0x080028b4   0x080028b4   0x00000004   PAD
    0x080028b8   0x080028b8   0x00000020   Code   RO         2804    i.__mathlib_dbl_invalid  m_wm.l(dunder.o)
    0x080028d8   0x080028d8   0x000002e4   Code   RO         2608    i.hsl_to_rgb        rgb.o
    0x08002bbc   0x08002bbc   0x00000026   Code   RO           15    i.main              main.o
    0x08002be2   0x08002be2   0x0000001a   Code   RO         2610    i.setBit_8t         rgb.o
    0x08002bfc   0x08002bfc   0x00000062   Code   RO         2745    x$fpl$d2f           fz_wm.l(d2f.o)
    0x08002c5e   0x08002c5e   0x00000002   PAD
    0x08002c60   0x08002c60   0x00000150   Code   RO         2747    x$fpl$dadd          fz_wm.l(daddsub_clz.o)
    0x08002db0   0x08002db0   0x000002b0   Code   RO         2754    x$fpl$ddiv          fz_wm.l(ddiv.o)
    0x08003060   0x08003060   0x0000005e   Code   RO         2757    x$fpl$dfix          fz_wm.l(dfix.o)
    0x080030be   0x080030be   0x00000002   PAD
    0x080030c0   0x080030c0   0x00000154   Code   RO         2761    x$fpl$dmul          fz_wm.l(dmul.o)
    0x08003214   0x08003214   0x0000009c   Code   RO         2790    x$fpl$dnaninf       fz_wm.l(dnaninf.o)
    0x080032b0   0x080032b0   0x00000150   Code   RO         2792    x$fpl$drem          fz_wm.l(drem_clz.o)
    0x08003400   0x08003400   0x0000000c   Code   RO         2794    x$fpl$dretinf       fz_wm.l(dretinf.o)
    0x0800340c   0x0800340c   0x00000016   Code   RO         2748    x$fpl$drsb          fz_wm.l(daddsub_clz.o)
    0x08003422   0x08003422   0x00000002   PAD
    0x08003424   0x08003424   0x000001d4   Code   RO         2749    x$fpl$dsub          fz_wm.l(daddsub_clz.o)
    0x080035f8   0x080035f8   0x00000056   Code   RO         2763    x$fpl$f2d           fz_wm.l(f2d.o)
    0x0800364e   0x0800364e   0x0000008c   Code   RO         2796    x$fpl$fnaninf       fz_wm.l(fnaninf.o)
    0x080036da   0x080036da   0x0000000a   Code   RO         2922    x$fpl$fpinit        fz_wm.l(fpinit.o)
    0x080036e4   0x080036e4   0x0000000a   Code   RO         2798    x$fpl$fretinf       fz_wm.l(fretinf.o)
    0x080036ee   0x080036ee   0x00000000   Code   RO         2800    x$fpl$usenofp       fz_wm.l(usenofp.o)
    0x080036ee   0x080036ee   0x00000008   Data   RO         1873    .constdata          stm32f4xx_hal_dma.o
    0x080036f6   0x080036f6   0x00000018   Data   RO         2556    .constdata          system_stm32f4xx.o
    0x0800370e   0x0800370e   0x00000002   PAD
    0x08003710   0x08003710   0x00000008   Data   RO         2612    .constdata          rgb.o
    0x08003718   0x08003718   0x00000020   Data   RO         2980    Region$$Table       anon$$obj.o


    Execution Region RW_IRAM1 (Exec base: 0x20000000, Load base: 0x08003738, Size: 0x00003ef8, Max: 0x0001c000, ABSOLUTE)

    Exec Addr    Load Addr    Size         Type   Attr      Idx    E Section Name        Object

    0x20000000   0x08003738   0x00000009   Data   RW         2323    .data               stm32f4xx_hal.o
    0x20000009   0x08003741   0x00000003   PAD
    0x2000000c   0x08003744   0x00000004   Data   RW         2557    .data               system_stm32f4xx.o
    0x20000010   0x08003748   0x00000028   Data   RW         2613    .data               rgb.o
    0x20000038        -       0x000000f0   Zero   RW          210    .bss                tim.o
    0x20000128        -       0x00003770   Zero   RW         2611    .bss                rgb.o
    0x20003898        -       0x00000060   Zero   RW         2838    .bss                c_w.l(libspace.o)
    0x200038f8        -       0x00000200   Zero   RW            2    HEAP                startup_stm32f405xx.o
    0x20003af8        -       0x00000400   Zero   RW            1    STACK               startup_stm32f405xx.o


    Execution Region RW_IRAM2 (Exec base: 0x2001c000, Load base: 0x08003770, Size: 0x00000000, Max: 0x00004000, ABSOLUTE)

    **** No section assigned to this execution region ****


==============================================================================

Image component sizes


      Code (inc. data)   RO Data    RW Data    ZI Data      Debug   Object Name

        56          4          0          0          0        774   dma.o
       228         12          0          0          0       1007   gpio.o
       224         10          0          0          0     635280   main.o
      1624        116          8         40      14192      10282   rgb.o
        64         26        392          0       1536        848   startup_stm32f405xx.o
       212         36          0          9          0       9437   stm32f4xx_hal.o
       312         22          0          0          0      34399   stm32f4xx_hal_cortex.o
      1264         16          8          0          0       6242   stm32f4xx_hal_dma.o
       512         46          0          0          0       2128   stm32f4xx_hal_gpio.o
        72          4          0          0          0        870   stm32f4xx_hal_msp.o
      1744         58          0          0          0       3908   stm32f4xx_hal_rcc.o
      2688        132          0          0          0      17084   stm32f4xx_hal_tim.o
       296         30          0          0          0       2208   stm32f4xx_hal_tim_ex.o
        50          6          0          0          0       4788   stm32f4xx_it.o
        20          6         24          4          0       1147   system_stm32f4xx.o
       544         52          0          0        240       3205   tim.o

    ----------------------------------------------------------------------
      9926        576        466         56      15968     733607   Object Totals
         0          0         32          0          0          0   (incl. Generated)
        16          0          2          3          0          0   (incl. Padding)

    ----------------------------------------------------------------------

      Code (inc. data)   RO Data    RW Data    ZI Data      Debug   Library Member Name

         8          0          0          0          0         68   __main.o
         0          0          0          0          0          0   __rtentry.o
        12          0          0          0          0          0   __rtentry2.o
         6          0          0          0          0          0   __rtentry4.o
        52          8          0          0          0          0   __scatter.o
        26          0          0          0          0          0   __scatter_copy.o
        28          0          0          0          0          0   __scatter_zi.o
        22          0          0          0          0        100   _rserrno.o
        18          0          0          0          0         80   exit.o
         6          0          0          0          0        152   heapauxi.o
         0          0          0          0          0          0   indicate_semi.o
         2          0          0          0          0          0   libinit.o
         6          0          0          0          0          0   libinit2.o
         2          0          0          0          0          0   libshutdown.o
         2          0          0          0          0          0   libshutdown2.o
         8          4          0          0         96         68   libspace.o
       238          0          0          0          0        100   lludivv7m.o
         8          4          0          0          0         68   rt_errno_addr_intlibspace.o
        78          0          0          0          0         80   rt_memclr_w.o
         2          0          0          0          0          0   rtexit.o
        10          0          0          0          0          0   rtexit2.o
        12          4          0          0          0         68   sys_exit.o
        74          0          0          0          0         80   sys_stackheap_outer.o
         2          0          0          0          0         68   use_no_semi.o
        98          4          0          0          0        140   d2f.o
       826         16          0          0          0        492   daddsub_clz.o
       688        140          0          0          0        256   ddiv.o
        94          4          0          0          0        140   dfix.o
       340         12          0          0          0        152   dmul.o
       156          4          0          0          0        140   dnaninf.o
       336         12          0          0          0        136   drem_clz.o
        12          0          0          0          0        116   dretinf.o
        86          4          0          0          0        132   f2d.o
       140          4          0          0          0        132   fnaninf.o
        10          0          0          0          0        116   fpinit.o
        10          0          0          0          0        116   fretinf.o
         0          0          0          0          0          0   usenofp.o
        32          8          0          0          0        124   dunder.o
        20          0          0          0          0        124   fabs.o
       260          6          0          0          0        144   fmod.o

    ----------------------------------------------------------------------
      3744        238          0          0         96       3392   Library Totals
        14          4          0          0          0          0   (incl. Padding)

    ----------------------------------------------------------------------

      Code (inc. data)   RO Data    RW Data    ZI Data      Debug   Library Name

       622         20          0          0         96        932   c_w.l
      2796        200          0          0          0       2068   fz_wm.l
       312         14          0          0          0        392   m_wm.l

    ----------------------------------------------------------------------
      3744        238          0          0         96       3392   Library Totals

    ----------------------------------------------------------------------

==============================================================================


      Code (inc. data)   RO Data    RW Data    ZI Data      Debug   

     13670        814        466         56      16064     727735   Grand Totals
     13670        814        466         56      16064     727735   ELF Image Totals
     13670        814        466         56          0          0   ROM Totals

==============================================================================

    Total RO  Size (Code + RO Data)                14136 (  13.80kB)
    Total RW  Size (RW Data + ZI Data)             16120 (  15.74kB)
    Total ROM Size (Code + RO Data + RW Data)      14192 (  13.86kB)

==============================================================================

